Component: ARM Compiler 5.06 update 1 (build 61) Tool: armlink [4d35a8]

==============================================================================

Section Cross References

    main.o(.text) refers to ffixi.o(.text) for __aeabi_f2iz
    main.o(.text) refers to fflti.o(.text) for __aeabi_i2f
    main.o(.text) refers to fadd.o(.text) for __aeabi_fsub
    main.o(.text) refers to fdiv.o(.text) for __aeabi_fdiv
    main.o(.text) refers to fmul.o(.text) for __aeabi_fmul
    main.o(.text) refers to f2d.o(.text) for __aeabi_f2d
    main.o(.text) refers to printfa.o(i.__0sprintf) for __2sprintf
    main.o(.text) refers to printfa.o(i.__0printf) for __2printf
    main.o(.text) refers to dht.o(.text) for DHT::read()
    main.o(.text) refers to main.o(i._ZN4mbed8AnalogIncvfEv) for mbed::AnalogIn::operator float()
    main.o(.text) refers to cfrcmple.o(.text) for __aeabi_cfrcmple
    main.o(.text) refers to cfcmple.o(.text) for __aeabi_cfcmple
    main.o(.text) refers to wait_api.o(i.wait) for wait
    main.o(.text) refers to aeabi_atexit.o(.text) for __aeabi_atexit
    main.o(.text) refers to main.o(i._ZN4mbed8AnalogInC1E7PinName) for mbed::AnalogIn::AnalogIn(PinName)
    main.o(.text) refers to InterruptIn.o(i._ZN4mbed11InterruptInC1E7PinName) for mbed::InterruptIn::InterruptIn(PinName)
    main.o(.text) refers to gpio_irq_api.o(i.gpio_irq_set) for gpio_irq_set
    main.o(.text) refers to main.o(.bss) for counter
    main.o(.text) refers to main.o(.data) for pot
    main.o(.text) refers to main.o(.constdata) for <Data1>
    main.o(.text) refers to main.o(t._ZN4mbed19FunctionPointerArg1IvvE12membercallerI7CounterEEvPvPj) for void mbed::FunctionPointerArg1<void, void>::membercaller<Counter>(void*, unsigned*)
    main.o(.text) refers to main.o(i._ZN7CounterD1Ev) for Counter::~Counter()
    main.o(.ARM.exidx) refers to main.o(.text) for .text
    main.o(.constdata) refers to main.o(i._ZN7Counter9incrementEv) for Counter::increment()
    main.o(.init_array) refers to main.o(.text) for __sti___8_main_cpp_dht
    main.o(.init_array) refers to cpp_init.o(.text) for __cpp_initialize__aeabi_
    dht.o(.text) refers to memseta.o(.text) for __aeabi_memclr4
    dht.o(.text) refers to gpio.o(i.gpio_init_in) for gpio_init_in
    dht.o(.text) refers to gpio_api.o(i.gpio_dir) for gpio_dir
    dht.o(.text) refers to dht.o(i._ZN4mbed12DigitalInOutaSEi) for mbed::DigitalInOut::operator =(int)
    dht.o(.text) refers to wait_api.o(i.wait_ms) for wait_ms
    dht.o(.text) refers to wait_api.o(i.wait_us) for wait_us
    dht.o(.text) refers to dht.o(i._ZN4mbed12DigitalInOutcviEv) for mbed::DigitalInOut::operator int()
    dht.o(.text) refers to printfa.o(i.__0printf) for __2printf
    dht.o(.text) refers to ffltui.o(.text) for __aeabi_ui2f
    dht.o(.text) refers to fflti.o(.text) for __aeabi_i2f
    dht.o(.text) refers to fdiv.o(.text) for __aeabi_fdiv
    dht.o(.ARM.exidx) refers to dht.o(.text) for .text
    stm32f1xx_hal_adc.o(i.ADC_ConversionStop_Disable) refers to stm32f1xx_hal.o(i.HAL_GetTick) for HAL_GetTick
    stm32f1xx_hal_adc.o(i.ADC_DMAConvCplt) refers to stm32f1xx_hal_adc.o(i.HAL_ADC_ConvCpltCallback) for HAL_ADC_ConvCpltCallback
    stm32f1xx_hal_adc.o(i.ADC_DMAError) refers to stm32f1xx_hal_adc.o(i.HAL_ADC_ErrorCallback) for HAL_ADC_ErrorCallback
    stm32f1xx_hal_adc.o(i.ADC_DMAHalfConvCplt) refers to stm32f1xx_hal_adc.o(i.HAL_ADC_ConvHalfCpltCallback) for HAL_ADC_ConvHalfCpltCallback
    stm32f1xx_hal_adc.o(i.ADC_Enable) refers to stm32f1xx_hal.o(i.HAL_GetTick) for HAL_GetTick
    stm32f1xx_hal_adc.o(i.ADC_Enable) refers to system_stm32f1xx.o(.data) for SystemCoreClock
    stm32f1xx_hal_adc.o(i.HAL_ADC_ConfigChannel) refers to system_stm32f1xx.o(.data) for SystemCoreClock
    stm32f1xx_hal_adc.o(i.HAL_ADC_DeInit) refers to stm32f1xx_hal_adc.o(i.ADC_ConversionStop_Disable) for ADC_ConversionStop_Disable
    stm32f1xx_hal_adc.o(i.HAL_ADC_DeInit) refers to stm32f1xx_hal_adc.o(i.HAL_ADC_MspDeInit) for HAL_ADC_MspDeInit
    stm32f1xx_hal_adc.o(i.HAL_ADC_IRQHandler) refers to stm32f1xx_hal_adc.o(i.HAL_ADC_ConvCpltCallback) for HAL_ADC_ConvCpltCallback
    stm32f1xx_hal_adc.o(i.HAL_ADC_IRQHandler) refers to stm32f1xx_hal_adc_ex.o(i.HAL_ADCEx_InjectedConvCpltCallback) for HAL_ADCEx_InjectedConvCpltCallback
    stm32f1xx_hal_adc.o(i.HAL_ADC_IRQHandler) refers to stm32f1xx_hal_adc.o(i.HAL_ADC_LevelOutOfWindowCallback) for HAL_ADC_LevelOutOfWindowCallback
    stm32f1xx_hal_adc.o(i.HAL_ADC_Init) refers to stm32f1xx_hal_adc.o(i.HAL_ADC_MspInit) for HAL_ADC_MspInit
    stm32f1xx_hal_adc.o(i.HAL_ADC_Init) refers to stm32f1xx_hal_adc.o(i.ADC_ConversionStop_Disable) for ADC_ConversionStop_Disable
    stm32f1xx_hal_adc.o(i.HAL_ADC_PollForConversion) refers to stm32f1xx_hal.o(i.HAL_GetTick) for HAL_GetTick
    stm32f1xx_hal_adc.o(i.HAL_ADC_PollForConversion) refers to stm32f1xx_hal_rcc_ex.o(i.HAL_RCCEx_GetPeriphCLKFreq) for HAL_RCCEx_GetPeriphCLKFreq
[...]
    .ARM.Collect$$$$00000001                 0x080000ec   Section        4  entry2.o(.ARM.Collect$$$$00000001)
    .ARM.Collect$$$$00000004                 0x080000f0   Section        4  entry5.o(.ARM.Collect$$$$00000004)
    .ARM.Collect$$$$00000006                 0x080000f4   Section        4  entry6b.o(.ARM.Collect$$$$00000006)
    .ARM.Collect$$$$00000008                 0x080000f8   Section        0  entry7b.o(.ARM.Collect$$$$00000008)
    .ARM.Collect$$$$00000009                 0x080000f8   Section        4  entry8a.o(.ARM.Collect$$$$00000009)
    .ARM.Collect$$$$0000000A                 0x080000fc   Section        0  entry8b.o(.ARM.Collect$$$$0000000A)
    .ARM.Collect$$$$0000000B                 0x080000fc   Section        8  entry9a.o(.ARM.Collect$$$$0000000B)
    .ARM.Collect$$$$0000000D                 0x08000104   Section        0  entry10a.o(.ARM.Collect$$$$0000000D)
    .ARM.Collect$$$$0000000E                 0x08000104   Section        4  entry10b.o(.ARM.Collect$$$$0000000E)
    .ARM.Collect$$$$0000000F                 0x08000108   Section        0  entry11a.o(.ARM.Collect$$$$0000000F)
    .ARM.Collect$$$$00002712                 0x08000108   Section        4  entry2.o(.ARM.Collect$$$$00002712)
    __lit__00000000                          0x08000108   Data           4  entry2.o(.ARM.Collect$$$$00002712)
    .text                                    0x0800010c   Section        0  main.o(.text)
    __sti___8_main_cpp_dht                   0x08000301   Thumb Code   122  main.o(.text)
    .text                                    0x080004dc   Section        0  dht.o(.text)
    .text                                    0x0800072c   Section       36  startup_stm32f103xb.o(.text)
    .text                                    0x08000750   Section        0  initio_oe.o(.text)
    .text                                    0x08000770   Section        0  llushr.o(.text)
    .text                                    0x08000790   Section        0  memmovea.o(.text)
    .text                                    0x080007d0   Section        0  memseta.o(.text)
    .text                                    0x080007f4   Section        0  strlen.o(.text)
    .text                                    0x08000802   Section        0  strcmp.o(.text)
    .text                                    0x0800081e   Section        0  strncmp.o(.text)
    .text                                    0x0800083c   Section        0  __0sscanf.o(.text)
    .text                                    0x08000874   Section        0  _scanf_int.o(.text)
    .text                                    0x080009c0   Section        0  cpp_init.o(.text)
    .text                                    0x080009e0   Section        0  aeabi_atexit.o(.text)
    .text                                    0x08000a0e   Section        0  fadd.o(.text)
    .text                                    0x08000abe   Section        0  fmul.o(.text)
    .text                                    0x08000b22   Section        0  fdiv.o(.text)
    .text                                    0x08000b9e   Section        0  fflti.o(.text)
    .text                                    0x08000bb0   Section        0  ffltui.o(.text)
    .text                                    0x08000bba   Section        0  ffixi.o(.text)
    .text                                    0x08000bec   Section        0  f2d.o(.text)
    .text                                    0x08000c14   Section       20  cfcmple.o(.text)
    .text                                    0x08000c28   Section       20  cfrcmple.o(.text)
    .text                                    0x08000c3c   Section        0  fputc_fp.o(.text)
    .text                                    0x08000c64   Section        0  uidiv.o(.text)
    .text                                    0x08000c90   Section        0  uldiv.o(.text)
    .text                                    0x08000cf2   Section        0  _chval.o(.text)
    .text                                    0x08000d10   Section        0  scanf_char.o(.text)
    _scanf_char_input                        0x08000d11   Thumb Code    12  scanf_char.o(.text)
    .text                                    0x08000d38   Section        0  _sgetc.o(.text)
    .text                                    0x08000d78   Section        0  cpp_dtor.o(.text)
    .text                                    0x08000d78   Section        0  iusefp.o(.text)
    .text                                    0x08000d80   Section        0  cxa_finalize.o(.text)
    .text                                    0x08000dc2   Section        0  fepilogue.o(.text)
    .text                                    0x08000e30   Section        0  dadd.o(.text)
    .text                                    0x08000f7e   Section        0  dmul.o(.text)
    .text                                    0x08001062   Section        0  ddiv.o(.text)
    .text                                    0x08001140   Section        0  dfixul.o(.text)
    .text                                    0x08001170   Section       48  cdrcmple.o(.text)
    .text                                    0x080011a0   Section       36  init.o(.text)
    .text                                    0x080011c4   Section        0  llshl.o(.text)
    .text                                    0x080011e2   Section        0  llsshr.o(.text)
    .text                                    0x08001206   Section        0  isspace_c.o(.text)
    .text                                    0x08001210   Section        0  _scanf.o(.text)
    .text                                    0x0800153c   Section        0  cpp_final.o(.text)
    .text                                    0x0800153e   Section        0  depilogue.o(.text)
    .text                                    0x080015f8   Section        0  ctype_c.o(.text)
    i.$Sub$$main                             0x08001620   Section        0  retarget.o(i.$Sub$$main)
    i.ADC_ConversionStop_Disable             0x08001634   Section        0  stm32f1xx_hal_adc.o(i.ADC_ConversionStop_Disable)
    i.ADC_Enable                             0x08001688   Section        0  stm32f1xx_hal_adc.o(i.ADC_Enable)
    i.HAL_ADC_ConfigChannel                  0x0800173c   Section        0  stm32f1xx_hal_adc.o(i.HAL_ADC_ConfigChannel)
    i.HAL_ADC_GetValue                       0x080018c8   Section        0  stm32f1xx_hal_adc.o(i.HAL_ADC_GetValue)
    i.HAL_ADC_Init                           0x080018d0   Section        0  stm32f1xx_hal_adc.o(i.HAL_ADC_Init)
    i.HAL_ADC_MspInit                        0x080019f0   Section        0  stm32f1xx_hal_adc.o(i.HAL_ADC_MspInit)
    i.HAL_ADC_PollForConversion              0x080019f4   Section        0  stm32f1xx_hal_adc.o(i.HAL_ADC_PollForConversion)
    i.HAL_ADC_Start                          0x08001b24   Section        0  stm32f1xx_hal_adc.o(i.HAL_ADC_Start)
    i.HAL_Delay                              0x08001ba8   Section        0  stm32f1xx_hal.o(i.HAL_Delay)
    i.HAL_GPIO_Init                          0x08001bc0   Section        0  stm32f1xx_hal_gpio.o(i.HAL_GPIO_Init)
    i.HAL_GetTick                            0x08001d9c   Section        0  stm32f1xx_hal.o(i.HAL_GetTick)
    i.HAL_IncTick                            0x08001da8   Section        0  stm32f1xx_hal.o(i.HAL_IncTick)
    i.HAL_Init                               0x08001db8   Section        0  stm32f1xx_hal.o(i.HAL_Init)
    i.HAL_InitTick                           0x08001ddc   Section        0  hal_tick.o(i.HAL_InitTick)
    i.HAL_MspInit                            0x08001e98   Section        0  stm32f1xx_hal.o(i.HAL_MspInit)
    i.HAL_NVIC_SetPriorityGrouping           0x08001e9c   Section        0  stm32f1xx_hal_cortex.o(i.HAL_NVIC_SetPriorityGrouping)
    i.HAL_RCCEx_GetPeriphCLKFreq             0x08001ec0   Section        0  stm32f1xx_hal_rcc_ex.o(i.HAL_RCCEx_GetPeriphCLKFreq)
    i.HAL_RCCEx_PeriphCLKConfig              0x08001ff0   Section        0  stm32f1xx_hal_rcc_ex.o(i.HAL_RCCEx_PeriphCLKConfig)
    i.HAL_RCC_ClockConfig                    0x08002124   Section        0  stm32f1xx_hal_rcc_ex.o(i.HAL_RCC_ClockConfig)
    i.HAL_RCC_GetPCLK1Freq                   0x08002408   Section        0  stm32f1xx_hal_rcc.o(i.HAL_RCC_GetPCLK1Freq)
    i.HAL_RCC_GetPCLK2Freq                   0x08002454   Section        0  stm32f1xx_hal_rcc.o(i.HAL_RCC_GetPCLK2Freq)
    i.HAL_RCC_GetSysClockFreq                0x080024a0   Section        0  stm32f1xx_hal_rcc.o(i.HAL_RCC_GetSysClockFreq)
    i.HAL_RCC_OscConfig                      0x0800253c   Section        0  stm32f1xx_hal_rcc.o(i.HAL_RCC_OscConfig)
    i.HAL_TIM_Base_Init                      0x08002e4c   Section        0  stm32f1xx_hal_tim.o(i.HAL_TIM_Base_Init)
    i.HAL_TIM_Base_MspInit                   0x08002e82   Section        0  stm32f1xx_hal_tim.o(i.HAL_TIM_Base_MspInit)
    i.HAL_TIM_Base_Start                     0x08002e84   Section        0  stm32f1xx_hal_tim.o(i.HAL_TIM_Base_Start)
    i.HAL_TIM_OC_Start                       0x08002e9e   Section        0  stm32f1xx_hal_tim.o(i.HAL_TIM_OC_Start)
    i.HAL_UART_Init                          0x08002ed4   Section        0  stm32f1xx_hal_uart.o(i.HAL_UART_Init)
    i.HAL_UART_MspInit                       0x08002f32   Section        0  stm32f1xx_hal_uart.o(i.HAL_UART_MspInit)
    i.NVIC_SetVector                         0x08002f34   Section        0  cmsis_nvic.o(i.NVIC_SetVector)
    i.SetSysClock                            0x08002fa0   Section        0  system_stm32f1xx.o(i.SetSysClock)
    i.Set_GPIO_Clock                         0x0800305c   Section        0  pinmap.o(i.Set_GPIO_Clock)
    i.SystemCoreClockUpdate                  0x080030dc   Section        0  system_stm32f1xx.o(i.SystemCoreClockUpdate)
    i.SystemInit                             0x0800314c   Section        0  system_stm32f1xx.o(i.SystemInit)
    i.TIM_Base_SetConfig                     0x080031bc   Section        0  stm32f1xx_hal_tim.o(i.TIM_Base_SetConfig)
    i.UART_SetConfig                         0x08003228   Section        0  stm32f1xx_hal_uart.o(i.UART_SetConfig)
    UART_SetConfig                           0x08003229   Thumb Code   284  stm32f1xx_hal_uart.o(i.UART_SetConfig)
    i._ZN4mbed11InterruptIn12_irq_handlerEj14gpio_irq_event 0x08003348   Section        0  InterruptIn.o(i._ZN4mbed11InterruptIn12_irq_handlerEj14gpio_irq_event)
    i._ZN4mbed11InterruptInC1E7PinName       0x0800338c   Section        0  InterruptIn.o(i._ZN4mbed11InterruptInC1E7PinName)
    i._ZN4mbed11InterruptInD1Ev              0x080033d4   Section        0  InterruptIn.o(i._ZN4mbed11InterruptInD1Ev)
    i._ZN4mbed12DigitalInOutaSEi             0x080033ec   Section        0  dht.o(i._ZN4mbed12DigitalInOutaSEi)
    i._ZN4mbed12DigitalInOutcviEv            0x08003448   Section        0  dht.o(i._ZN4mbed12DigitalInOutcviEv)
    i._ZN4mbed8AnalogInC1E7PinName           0x08003498   Section        0  main.o(i._ZN4mbed8AnalogInC1E7PinName)
    i._ZN4mbed8AnalogIncvfEv                 0x080034aa   Section        0  main.o(i._ZN4mbed8AnalogIncvfEv)
    i._ZN4mbed8FileBase11getPathTypeEv       0x080034b8   Section        0  FileBase.o(i._ZN4mbed8FileBase11getPathTypeEv)
    i._ZN4mbed8FileBase6lookupEPKcj          0x080034bc   Section        0  FileBase.o(i._ZN4mbed8FileBase6lookupEPKcj)
    i._ZN4mbed8FilePath10fileSystemEv        0x080034f4   Section        0  FilePath.o(i._ZN4mbed8FilePath10fileSystemEv)
    i._ZN4mbed8FilePath4fileEv               0x0800350c   Section        0  FilePath.o(i._ZN4mbed8FilePath4fileEv)
    i._ZN4mbed8FilePath6existsEv             0x08003528   Section        0  FilePath.o(i._ZN4mbed8FilePath6existsEv)
    i._ZN4mbed8FilePath6isFileEv             0x08003532   Section        0  FilePath.o(i._ZN4mbed8FilePath6isFileEv)
    i._ZN4mbed8FilePath8fileNameEv           0x0800354a   Section        0  FilePath.o(i._ZN4mbed8FilePath8fileNameEv)
    i._ZN4mbed8FilePathC1EPKc                0x0800354e   Section        0  FilePath.o(i._ZN4mbed8FilePathC1EPKc)
    i._ZN7Counter9incrementEv                0x0800358e   Section        0  main.o(i._ZN7Counter9incrementEv)
    i._ZN7CounterD1Ev                        0x080035a0   Section        0  main.o(i._ZN7CounterD1Ev)
    i.__0fprintf                             0x080035b0   Section        0  printfa.o(i.__0fprintf)
    i.__0printf                              0x080035cc   Section        0  printfa.o(i.__0printf)
    i.__0sprintf                             0x080035ec   Section        0  printfa.o(i.__0sprintf)
    i.__0vfprintf                            0x08003614   Section        0  printfa.o(i.__0vfprintf)
    i.__scatterload_copy                     0x0800362c   Section       14  handlers.o(i.__scatterload_copy)
    i.__scatterload_null                     0x0800363a   Section        2  handlers.o(i.__scatterload_null)
    i.__scatterload_zeroinit                 0x0800363c   Section       14  handlers.o(i.__scatterload_zeroinit)
    i._fflush$full                           0x0800364a   Section        0  fflush_f.o(i._fflush$full)
    i._fp_digits                             0x08003664   Section        0  printfa.o(i._fp_digits)
    _fp_digits                               0x08003665   Thumb Code   334  printfa.o(i._fp_digits)
    i._printf_core                           0x080037c8   Section        0  printfa.o(i._printf_core)
    _printf_core                             0x080037c9   Thumb Code  1744  printfa.o(i._printf_core)
    i._printf_post_padding                   0x08003ea4   Section        0  printfa.o(i._printf_post_padding)
    _printf_post_padding                     0x08003ea5   Thumb Code    36  printfa.o(i._printf_post_padding)
    i._printf_pre_padding                    0x08003ec8   Section        0  printfa.o(i._printf_pre_padding)
    _printf_pre_padding                      0x08003ec9   Thumb Code    46  printfa.o(i._printf_pre_padding)
    i._sputc                                 0x08003ef6   Section        0  printfa.o(i._sputc)
    _sputc                                   0x08003ef7   Thumb Code    10  printfa.o(i._sputc)
    i._sys_open                              0x08003f00   Section        0  retarget.o(i._sys_open)
    i._sys_seek                              0x08003fe4   Section        0  retarget.o(i._sys_seek)
    i._sys_write                             0x0800400c   Section        0  retarget.o(i._sys_write)
    i.analogin_init                          0x0800406c   Section        0  analogin_api.o(i.analogin_init)
    i.analogin_read                          0x08004110   Section        0  analogin_api.o(i.analogin_read)
    i.error                                  0x080041dc   Section        0  error.o(i.error)
    i.exit                                   0x080041f4   Section        0  retarget.o(i.exit)
    i.free                                   0x08004214   Section        0  malloc.o(i.free)
    i.gpio_dir                               0x08004264   Section        0  gpio_api.o(i.gpio_dir)
    i.gpio_init                              0x080042b4   Section        0  gpio_api.o(i.gpio_init)
    i.gpio_init_in                           0x080042f0   Section        0  gpio.o(i.gpio_init_in)
    i.gpio_irq0                              0x08004316   Section        0  gpio_irq_api.o(i.gpio_irq0)
    gpio_irq0                                0x08004317   Thumb Code     8  gpio_irq_api.o(i.gpio_irq0)
    i.gpio_irq1                              0x0800431e   Section        0  gpio_irq_api.o(i.gpio_irq1)
    gpio_irq1                                0x0800431f   Thumb Code     8  gpio_irq_api.o(i.gpio_irq1)
    i.gpio_irq2                              0x08004326   Section        0  gpio_irq_api.o(i.gpio_irq2)
    gpio_irq2                                0x08004327   Thumb Code     8  gpio_irq_api.o(i.gpio_irq2)
    i.gpio_irq3                              0x0800432e   Section        0  gpio_irq_api.o(i.gpio_irq3)
    gpio_irq3                                0x0800432f   Thumb Code     8  gpio_irq_api.o(i.gpio_irq3)
    i.gpio_irq4                              0x08004336   Section        0  gpio_irq_api.o(i.gpio_irq4)
    gpio_irq4                                0x08004337   Thumb Code     8  gpio_irq_api.o(i.gpio_irq4)
    i.gpio_irq5                              0x0800433e   Section        0  gpio_irq_api.o(i.gpio_irq5)
    gpio_irq5                                0x0800433f   Thumb Code     8  gpio_irq_api.o(i.gpio_irq5)
    i.gpio_irq6                              0x08004346   Section        0  gpio_irq_api.o(i.gpio_irq6)
    gpio_irq6                                0x08004347   Thumb Code     8  gpio_irq_api.o(i.gpio_irq6)
    i.gpio_irq_free                          0x08004350   Section        0  gpio_irq_api.o(i.gpio_irq_free)
    i.gpio_irq_init                          0x0800439c   Section        0  gpio_irq_api.o(i.gpio_irq_init)
    i.gpio_irq_set                           0x080044e8   Section        0  gpio_irq_api.o(i.gpio_irq_set)
    i.gpio_mode                              0x0800455a   Section        0  gpio_api.o(i.gpio_mode)
    i.handle_interrupt_in                    0x08004564   Section        0  gpio_irq_api.o(i.handle_interrupt_in)
    handle_interrupt_in                      0x08004565   Thumb Code   114  gpio_irq_api.o(i.handle_interrupt_in)
    i.malloc                                 0x080045e4   Section        0  malloc.o(i.malloc)
    i.mbed_assert_internal                   0x08004650   Section        0  assert.o(i.mbed_assert_internal)
    i.mbed_die                               0x080046a0   Section        0  board.o(i.mbed_die)
    i.mbed_main                              0x080046b0   Section        0  retarget.o(i.mbed_main)
    i.mbed_sdk_init                          0x080046b2   Section        0  mbed_overrides.o(i.mbed_sdk_init)
    i.pin_function                           0x080046c0   Section        0  pinmap.o(i.pin_function)
    i.pin_mode                               0x080047e4   Section        0  pinmap.o(i.pin_mode)
    i.pinmap_merge                           0x080048e8   Section        0  pinmap_common.o(i.pinmap_merge)
    i.pinmap_peripheral                      0x08004920   Section        0  pinmap_common.o(i.pinmap_peripheral)
    i.pinmap_pinout                          0x0800497c   Section        0  pinmap_common.o(i.pinmap_pinout)
    i.serial_init                            0x080049d4   Section        0  serial_api.o(i.serial_init)
    i.serial_putc                            0x08004b4c   Section        0  serial_api.o(i.serial_putc)
    i.set_compare                            0x08004b78   Section        0  us_ticker.o(i.set_compare)
    i.ticker_irq_handler                     0x08004b94   Section        0  ticker_api.o(i.ticker_irq_handler)
    i.timer_irq_handler                      0x08004be4   Section        0  hal_tick.o(i.timer_irq_handler)
    i.us_ticker_clear_interrupt              0x08004ca0   Section        0  us_ticker.o(i.us_ticker_clear_interrupt)
    i.us_ticker_disable_interrupt            0x08004cc0   Section        0  us_ticker.o(i.us_ticker_disable_interrupt)
    i.us_ticker_init                         0x08004cd8   Section        0  us_ticker.o(i.us_ticker_init)
    i.us_ticker_irq_handler                  0x08004cf0   Section        0  us_ticker_api.o(i.us_ticker_irq_handler)
    i.us_ticker_read                         0x08004cfc   Section        0  us_ticker.o(i.us_ticker_read)
    i.us_ticker_set_interrupt                0x08004d34   Section        0  us_ticker.o(i.us_ticker_set_interrupt)
    i.wait                                   0x08004dcc   Section        0  wait_api.o(i.wait)
    i.wait_ms                                0x08004df0   Section        0  wait_api.o(i.wait_ms)
    i.wait_us                                0x08004e0c   Section        0  wait_api.o(i.wait_us)
    t._ZN4mbed19FunctionPointerArg1IvvE12membercallerI7CounterEEvPvPj 0x08004e24   Section        0  main.o(t._ZN4mbed19FunctionPointerArg1IvvE12membercallerI7CounterEEvPvPj)
    .constdata                               0x08004e58   Section        8  main.o(.constdata)
    <Data1>                                  0x08004e58   Data           8  main.o(.constdata)
    .constdata                               0x08004e60   Section       16  stm32f1xx_hal_rcc.o(.constdata)
    .constdata                               0x08004e70   Section       16  system_stm32f1xx.o(.constdata)
    .constdata                               0x08004e80   Section      124  gpio_api.o(.constdata)
    .constdata                               0x08004efc   Section      106  analogin_api.o(.constdata)
    .constdata                               0x08004f68   Section      104  serial_api.o(.constdata)
    .constdata                               0x08004fd0   Section       20  us_ticker_api.o(.constdata)
    us_interface                             0x08004fd0   Data          20  us_ticker_api.o(.constdata)
    .constdata                               0x08004fe4   Section        8  us_ticker_api.o(.constdata)
    us_data                                  0x08004fe4   Data           8  us_ticker_api.o(.constdata)
    .constdata                               0x08004fec   Section      204  PeripheralPins.o(.constdata)
    .constdata                               0x080050b8   Section       72  PeripheralPins.o(.constdata)
    .constdata                               0x08005100   Section       72  PeripheralPins.o(.constdata)
    .constdata                               0x08005148   Section      188  pinmap.o(.constdata)
    gpio_mode                                0x08005148   Data          52  pinmap.o(.constdata)
    .constdata                               0x08005204   Section       64  ctype_c.o(.constdata)
    .constdata__ZTVN4mbed11InterruptInE      0x08005244   Section       16  InterruptIn.o(.constdata__ZTVN4mbed11InterruptInE)
    .conststring                             0x08005254   Section       66  dht.o(.conststring)
    .init_array                              0x080052b8   Section        4  main.o(.init_array)
    .init_array                              0x080052bc   Section        0  cpp_init.o(.init_array)
    .data                                    0x200000ec   Section       16  main.o(.data)
    .data                                    0x200000fc   Section        4  system_stm32f1xx.o(.data)
    .data                                    0x20000100   Section        4  hal_tick.o(.data)
    .data                                    0x20000104   Section        4  retarget.o(.data)
    n                                        0x20000104   Data           4  retarget.o(.data)
    .data                                    0x20000108   Section        4  stm32f1xx_hal.o(.data)
    uwTick                                   0x20000108   Data           4  stm32f1xx_hal.o(.data)
    .data                                    0x2000010c   Section        4  analogin_api.o(.data)
    .data                                    0x20000110   Section       68  gpio_irq_api.o(.data)
    irq_handler                              0x20000110   Data           4  gpio_irq_api.o(.data)
    pin_base_nr                              0x20000114   Data          64  gpio_irq_api.o(.data)
    .data                                    0x20000154   Section        8  serial_api.o(.data)
    irq_handler                              0x20000158   Data           4  serial_api.o(.data)
    .data                                    0x2000015c   Section       16  us_ticker.o(.data)
    us_ticker_inited                         0x20000160   Data           4  us_ticker.o(.data)
    .data                                    0x2000016c   Section        8  us_ticker_api.o(.data)
    events                                   0x2000016c   Data           8  us_ticker_api.o(.data)
    .data                                    0x20000174   Section        4  FileBase.o(.data)
    .data                                    0x20000178   Section        4  cpp_dtor.o(.data)
    ddtor_pointer                            0x20000178   Data           4  cpp_dtor.o(.data)
    .data                                    0x2000017c   Section        4  mvars.o(.data)
    .data                                    0x20000180   Section        4  mvars.o(.data)
    .bss                                     0x20000184   Section      132  main.o(.bss)
    .bss                                     0x20000208   Section       60  hal_tick.o(.bss)
    .bss                                     0x20000244   Section       64  retarget.o(.bss)
    filehandles                              0x20000244   Data          64  retarget.o(.bss)
    .bss                                     0x20000284   Section       48  analogin_api.o(.bss)
    .bss                                     0x200002b4   Section      532  gpio_irq_api.o(.bss)
    channels                                 0x200002b4   Data         532  gpio_irq_api.o(.bss)
    .bss                                     0x200004c8   Section      104  serial_api.o(.bss)
    serial_irq_ids                           0x200004c8   Data          12  serial_api.o(.bss)
    .bss                                     0x20000530   Section       60  us_ticker.o(.bss)
    TimMasterHandle                          0x20000530   Data          60  us_ticker.o(.bss)
    .bss                                     0x2000056c   Section       20  stdout_f.o(.bss)
    .bss                                     0x20000580   Section       20  stderr_f.o(.bss)
    HEAP                                     0x20000598   Section     1024  startup_stm32f103xb.o(HEAP)

    Global Symbols

    Symbol Name                              Value     Ov Type        Size  Object(Section)

    BuildAttributes$$THM_ISAv4$P$D$K$B$S$PE$A:L22UL41UL21$X:L11$S22US41US21$IEEE1$IW$USESV6$~STKCKD$USESV7$~SHL$OTIME$ROPI$EBA8$UX$MICROLIB$REQ8$PRES8$EABIv2 0x00000000   Number         0  anon$$obj.o ABSOLUTE
    __ARM_use_no_argv                        0x00000000   Number         0  main.o ABSOLUTE
    _printf_a                                0x00000000   Number         0  stubs.o ABSOLUTE
    _printf_c                                0x00000000   Number         0  stubs.o ABSOLUTE
    _printf_charcount                        0x00000000   Number         0  stubs.o ABSOLUTE
    _printf_d                                0x00000000   Number         0  stubs.o ABSOLUTE
    _printf_e                                0x00000000   Number         0  stubs.o ABSOLUTE
    _printf_f                                0x00000000   Number         0  stubs.o ABSOLUTE
    _printf_flags                            0x00000000   Number         0  stubs.o ABSOLUTE
    _printf_fp_dec                           0x00000000   Number         0  stubs.o ABSOLUTE
    _printf_fp_hex                           0x00000000   Number         0  stubs.o ABSOLUTE
    _printf_g                                0x00000000   Number         0  stubs.o ABSOLUTE
    _printf_i                                0x00000000   Number         0  stubs.o ABSOLUTE
    _printf_int_dec                          0x00000000   Number         0  stubs.o ABSOLUTE
    _printf_l                                0x00000000   Number         0  stubs.o ABSOLUTE
    _printf_lc                               0x00000000   Number         0  stubs.o ABSOLUTE
    _printf_ll                               0x00000000   Number         0  stubs.o ABSOLUTE
    _printf_lld                              0x00000000   Number         0  stubs.o ABSOLUTE
    _printf_lli                              0x00000000   Number         0  stubs.o ABSOLUTE
    _printf_llo                              0x00000000   Number         0  stubs.o ABSOLUTE
    _printf_llu                              0x00000000   Number         0  stubs.o ABSOLUTE
    _printf_llx                              0x00000000   Number         0  stubs.o ABSOLUTE
    _printf_longlong_dec                     0x00000000   Number         0  stubs.o ABSOLUTE
    _printf_longlong_hex                     0x00000000   Number         0  stubs.o ABSOLUTE
    _printf_longlong_oct                     0x00000000   Number         0  stubs.o ABSOLUTE
    _printf_ls                               0x00000000   Number         0  stubs.o ABSOLUTE
    _printf_mbtowc                           0x00000000   Number         0  stubs.o ABSOLUTE
    _printf_n                                0x00000000   Number         0  stubs.o ABSOLUTE
    _printf_o                                0x00000000   Number         0  stubs.o ABSOLUTE
    _printf_p                                0x00000000   Number         0  stubs.o ABSOLUTE
    _printf_percent                          0x00000000   Number         0  stubs.o ABSOLUTE
    _printf_pre_padding                      0x00000000   Number         0  stubs.o ABSOLUTE
    _printf_return_value                     0x00000000   Number         0  stubs.o ABSOLUTE
    _printf_s                                0x00000000   Number         0  stubs.o ABSOLUTE
    _printf_sizespec                         0x00000000   Number         0  stubs.o ABSOLUTE
    _printf_str                              0x00000000   Number         0  stubs.o ABSOLUTE
    _printf_truncate_signed                  0x00000000   Number         0  stubs.o ABSOLUTE
    _printf_truncate_unsigned                0x00000000   Number         0  stubs.o ABSOLUTE
    _printf_u                                0x00000000   Number         0  stubs.o ABSOLUTE
    _printf_wc                               0x00000000   Number         0  stubs.o ABSOLUTE
    _printf_wctomb                           0x00000000   Number         0  stubs.o ABSOLUTE
    _printf_widthprec                        0x00000000   Number         0  stubs.o ABSOLUTE
    _printf_x                                0x00000000   Number         0  stubs.o ABSOLUTE
    SHT$$ARM_EXIDX$$Base                      - Undefined Reference
    SHT$$ARM_EXIDX$$Limit                     - Undefined Reference
    __ARM::default_unexpected_handler()       - Undefined Weak Reference
    __ARM_exceptions_buffer_required          - Undefined Weak Reference
    __aeabi_unwind_cpp_pr1                    - Undefined Weak Reference
    __aeabi_unwind_cpp_pr2                    - Undefined Weak Reference
    __cxa_begin_cleanup                       - Undefined Weak Reference
    __cxa_type_match                          - Undefined Weak Reference
    __decompress                              - Undefined Weak Reference
    _clock_init                               - Undefined Weak Reference
    _microlib_exit                            - Undefined Weak Reference
    _scanf_longlong                           - Undefined Weak Reference
    _scanf_real                               - Undefined Weak Reference
    _scanf_string                             - Undefined Weak Reference
    __Vectors_Size                           0x000000ec   Number         0  startup_stm32f103xb.o ABSOLUTE
    __Vectors                                0x08000000   Data           4  startup_stm32f103xb.o(RESET)
    __dso_handle                             0x08000000   Number         0  startup_stm32f103xb.o(RESET)
    __Vectors_End                            0x080000ec   Data           0  startup_stm32f103xb.o(RESET)
    __main                                   0x080000ed   Thumb Code     0  entry.o(.ARM.Collect$$$$00000000)
    _main_stk                                0x080000ed   Thumb Code     0  entry2.o(.ARM.Collect$$$$00000001)
    _main_scatterload                        0x080000f1   Thumb Code     0  entry5.o(.ARM.Collect$$$$00000004)
    __main_after_scatterload                 0x080000f5   Thumb Code     0  entry5.o(.ARM.Collect$$$$00000004)
    __use_full_stdio                         0x080000f5   Thumb Code     0  entry6b.o(.ARM.Collect$$$$00000006)
    __main_after_initio                      0x080000f9   Thumb Code     0  entry6b.o(.ARM.Collect$$$$00000006)
    _main_clock                              0x080000f9   Thumb Code     0  entry7b.o(.ARM.Collect$$$$00000008)
    _main_cpp_init$empty                     0x080000f9   Thumb Code     0  entry8a.o(.ARM.Collect$$$$00000009)
    _main_cpp_init                           0x080000fd   Thumb Code     0  entry8b.o(.ARM.Collect$$$$0000000A)
    _main_init                               0x080000fd   Thumb Code     0  entry9a.o(.ARM.Collect$$$$0000000B)
    __rt_final_cpp                           0x08000105   Thumb Code     0  entry10a.o(.ARM.Collect$$$$0000000D)
    __rt_final_cpp$nonempty                  0x08000105   Thumb Code     0  entry10b.o(.ARM.Collect$$$$0000000E)
    __rt_final_exit                          0x08000109   Thumb Code     0  entry11a.o(.ARM.Collect$$$$0000000F)
    $Super$$main                             0x0800010d   Thumb Code   500  main.o(.text)
    DHT::DHT(PinName, unsigned char)         0x080004dd   Thumb Code    40  dht.o(.text)
    DHT::DHT__sub_object(PinName, unsigned char) 0x080004dd   Thumb Code     0  dht.o(.text)
    DHT::~DHT()                              0x08000505   Thumb Code     2  dht.o(.text)
    DHT::~DHT__sub_object()                  0x08000505   Thumb Code     0  dht.o(.text)
    DHT::read()                              0x08000507   Thumb Code   522  dht.o(.text)
    DHT::ReadHumidity()                      0x08000711   Thumb Code     6  dht.o(.text)
    DHT::ReadTemperature()                   0x08000717   Thumb Code     6  dht.o(.text)
    Reset_Handler                            0x0800072d   Thumb Code     8  startup_stm32f103xb.o(.text)
    NMI_Handler                              0x08000735   Thumb Code     2  startup_stm32f103xb.o(.text)
    HardFault_Handler                        0x08000737   Thumb Code     2  startup_stm32f103xb.o(.text)
    MemManage_Handler                        0x08000739   Thumb Code     2  startup_stm32f103xb.o(.text)
    BusFault_Handler                         0x0800073b   Thumb Code     2  startup_stm32f103xb.o(.text)
    UsageFault_Handler                       0x0800073d   Thumb Code     2  startup_stm32f103xb.o(.text)
    SVC_Handler                              0x0800073f   Thumb Code     2  startup_stm32f103xb.o(.text)
    DebugMon_Handler                         0x08000741   Thumb Code     2  startup_stm32f103xb.o(.text)
    PendSV_Handler                           0x08000743   Thumb Code     2  startup_stm32f103xb.o(.text)
    SysTick_Handler                          0x08000745   Thumb Code     2  startup_stm32f103xb.o(.text)
    ADC1_2_IRQHandler                        0x08000747   Thumb Code     0  startup_stm32f103xb.o(.text)
    CAN1_RX1_IRQHandler                      0x08000747   Thumb Code     0  startup_stm32f103xb.o(.text)
    CAN1_SCE_IRQHandler                      0x08000747   Thumb Code     0  startup_stm32f103xb.o(.text)
    DMA1_Channel1_IRQHandler                 0x08000747   Thumb Code     0  startup_stm32f103xb.o(.text)
    DMA1_Channel2_IRQHandler                 0x08000747   Thumb Code     0  startup_stm32f103xb.o(.text)
    DMA1_Channel3_IRQHandler                 0x08000747   Thumb Code     0  startup_stm32f103xb.o(.text)
    DMA1_Channel4_IRQHandler                 0x08000747   Thumb Code     0  startup_stm32f103xb.o(.text)
    DMA1_Channel5_IRQHandler                 0x08000747   Thumb Code     0  startup_stm32f103xb.o(.text)
    DMA1_Channel6_IRQHandler                 0x08000747   Thumb Code     0  startup_stm32f103xb.o(.text)
    DMA1_Channel7_IRQHandler                 0x08000747   Thumb Code     0  startup_stm32f103xb.o(.text)
    EXTI0_IRQHandler                         0x08000747   Thumb Code     0  startup_stm32f103xb.o(.text)
    EXTI15_10_IRQHandler                     0x08000747   Thumb Code     0  startup_stm32f103xb.o(.text)
    EXTI1_IRQHandler                         0x08000747   Thumb Code     0  startup_stm32f103xb.o(.text)
    EXTI2_IRQHandler                         0x08000747   Thumb Code     0  startup_stm32f103xb.o(.text)
    EXTI3_IRQHandler                         0x08000747   Thumb Code     0  startup_stm32f103xb.o(.text)
    EXTI4_IRQHandler                         0x08000747   Thumb Code     0  startup_stm32f103xb.o(.text)
    EXTI9_5_IRQHandler                       0x08000747   Thumb Code     0  startup_stm32f103xb.o(.text)
    FLASH_IRQHandler                         0x08000747   Thumb Code     0  startup_stm32f103xb.o(.text)
    I2C1_ER_IRQHandler                       0x08000747   Thumb Code     0  startup_stm32f103xb.o(.text)
    I2C1_EV_IRQHandler                       0x08000747   Thumb Code     0  startup_stm32f103xb.o(.text)
    I2C2_ER_IRQHandler                       0x08000747   Thumb Code     0  startup_stm32f103xb.o(.text)
    I2C2_EV_IRQHandler                       0x08000747   Thumb Code     0  startup_stm32f103xb.o(.text)
    PVD_IRQHandler                           0x08000747   Thumb Code     0  startup_stm32f103xb.o(.text)
    RCC_IRQHandler                           0x08000747   Thumb Code     0  startup_stm32f103xb.o(.text)
    RTC_Alarm_IRQHandler                     0x08000747   Thumb Code     0  startup_stm32f103xb.o(.text)
    RTC_IRQHandler                           0x08000747   Thumb Code     0  startup_stm32f103xb.o(.text)
    SPI1_IRQHandler                          0x08000747   Thumb Code     0  startup_stm32f103xb.o(.text)
    SPI2_IRQHandler                          0x08000747   Thumb Code     0  startup_stm32f103xb.o(.text)
    TAMPER_IRQHandler                        0x08000747   Thumb Code     0  startup_stm32f103xb.o(.text)
    TIM1_BRK_IRQHandler                      0x08000747   Thumb Code     0  startup_stm32f103xb.o(.text)
    TIM1_CC_IRQHandler                       0x08000747   Thumb Code     0  startup_stm32f103xb.o(.text)
    TIM1_TRG_COM_IRQHandler                  0x08000747   Thumb Code     0  startup_stm32f103xb.o(.text)
    TIM1_UP_IRQHandler                       0x08000747   Thumb Code     0  startup_stm32f103xb.o(.text)
    TIM2_IRQHandler                          0x08000747   Thumb Code     0  startup_stm32f103xb.o(.text)
    TIM3_IRQHandler                          0x08000747   Thumb Code     0  startup_stm32f103xb.o(.text)
    TIM4_IRQHandler                          0x08000747   Thumb Code     0  startup_stm32f103xb.o(.text)
    USART1_IRQHandler                        0x08000747   Thumb Code     0  startup_stm32f103xb.o(.text)
    USART2_IRQHandler                        0x08000747   Thumb Code     0  startup_stm32f103xb.o(.text)
    USART3_IRQHandler                        0x08000747   Thumb Code     0  startup_stm32f103xb.o(.text)
    USBWakeUp_IRQHandler                     0x08000747   Thumb Code     0  startup_stm32f103xb.o(.text)
    USB_HP_CAN1_TX_IRQHandler                0x08000747   Thumb Code     0  startup_stm32f103xb.o(.text)
    USB_LP_CAN1_RX0_IRQHandler               0x08000747   Thumb Code     0  startup_stm32f103xb.o(.text)
    WWDG_IRQHandler                          0x08000747   Thumb Code     0  startup_stm32f103xb.o(.text)
    _initio                                  0x08000751   Thumb Code    20  initio_oe.o(.text)
    __aeabi_llsr                             0x08000771   Thumb Code    32  llushr.o(.text)
    _ll_ushift_r                             0x08000771   Thumb Code     0  llushr.o(.text)
    ___aeabi_memcpy8$move                    0x08000791   Thumb Code     0  memmovea.o(.text)
    __aeabi_memcpy                           0x08000791   Thumb Code    64  memmovea.o(.text)
    __aeabi_memcpy4                          0x08000791   Thumb Code     0  memmovea.o(.text)
    __aeabi_memmove                          0x08000791   Thumb Code     0  memmovea.o(.text)
    __aeabi_memmove4                         0x08000791   Thumb Code     0  memmovea.o(.text)
    __aeabi_memmove8                         0x08000791   Thumb Code     0  memmovea.o(.text)
    __aeabi_memset                           0x080007d1   Thumb Code    14  memseta.o(.text)
    __aeabi_memset4                          0x080007d1   Thumb Code     0  memseta.o(.text)
    __aeabi_memset8                          0x080007d1   Thumb Code     0  memseta.o(.text)
    __aeabi_memclr                           0x080007df   Thumb Code     4  memseta.o(.text)
    __aeabi_memclr4                          0x080007df   Thumb Code     0  memseta.o(.text)
    __aeabi_memclr8                          0x080007df   Thumb Code     0  memseta.o(.text)
    _memset$wrapper                          0x080007e3   Thumb Code    18  memseta.o(.text)
    strlen                                   0x080007f5   Thumb Code    14  strlen.o(.text)
    strcmp                                   0x08000803   Thumb Code    28  strcmp.o(.text)
    strncmp                                  0x0800081f   Thumb Code    30  strncmp.o(.text)
    __0sscanf                                0x0800083d   Thumb Code    48  __0sscanf.o(.text)
    _scanf_int                               0x08000875   Thumb Code   332  _scanf_int.o(.text)
    __cpp_initialize__aeabi_                 0x080009c1   Thumb Code    22  cpp_init.o(.text)
    __aeabi_atexit                           0x080009e1   Thumb Code    46  aeabi_atexit.o(.text)
    __aeabi_fadd                             0x08000a0f   Thumb Code   164  fadd.o(.text)
    __aeabi_fsub                             0x08000ab3   Thumb Code     6  fadd.o(.text)
    __aeabi_frsub                            0x08000ab9   Thumb Code     6  fadd.o(.text)
    __aeabi_fmul                             0x08000abf   Thumb Code   100  fmul.o(.text)
    __aeabi_fdiv                             0x08000b23   Thumb Code   124  fdiv.o(.text)
    __aeabi_i2f                              0x08000b9f   Thumb Code    18  fflti.o(.text)
    __aeabi_ui2f                             0x08000bb1   Thumb Code    10  ffltui.o(.text)
    __aeabi_f2iz                             0x08000bbb   Thumb Code    50  ffixi.o(.text)
    __aeabi_f2d                              0x08000bed   Thumb Code    38  f2d.o(.text)
    __aeabi_cfcmpeq                          0x08000c15   Thumb Code     0  cfcmple.o(.text)
    __aeabi_cfcmple                          0x08000c15   Thumb Code    20  cfcmple.o(.text)
    __aeabi_cfrcmple                         0x08000c29   Thumb Code    20  cfrcmple.o(.text)
    fputc                                    0x08000c3d   Thumb Code    40  fputc_fp.o(.text)
    __aeabi_uidiv                            0x08000c65   Thumb Code     0  uidiv.o(.text)
    __aeabi_uidivmod                         0x08000c65   Thumb Code    44  uidiv.o(.text)
    __aeabi_uldivmod                         0x08000c91   Thumb Code    98  uldiv.o(.text)
    _chval                                   0x08000cf3   Thumb Code    28  _chval.o(.text)
    __vfscanf_char                           0x08000d1d   Thumb Code    20  scanf_char.o(.text)
    _sgetc                                   0x08000d39   Thumb Code    30  _sgetc.o(.text)
    _sbackspace                              0x08000d57   Thumb Code    34  _sgetc.o(.text)
    __I$use$fp                               0x08000d79   Thumb Code     0  iusefp.o(.text)
    __rt_ddtor_pointer_addr                  0x08000d79   Thumb Code     4  cpp_dtor.o(.text)
    __cxa_finalize                           0x08000d81   Thumb Code    66  cxa_finalize.o(.text)
    _float_round                             0x08000dc3   Thumb Code    18  fepilogue.o(.text)
    _float_epilogue                          0x08000dd5   Thumb Code    92  fepilogue.o(.text)
    __aeabi_dadd                             0x08000e31   Thumb Code   322  dadd.o(.text)
    __aeabi_dsub                             0x08000f73   Thumb Code     6  dadd.o(.text)
    __aeabi_drsub                            0x08000f79   Thumb Code     6  dadd.o(.text)
    __aeabi_dmul                             0x08000f7f   Thumb Code   228  dmul.o(.text)
    __aeabi_ddiv                             0x08001063   Thumb Code   222  ddiv.o(.text)
    __aeabi_d2ulz                            0x08001141   Thumb Code    48  dfixul.o(.text)
    __aeabi_cdrcmple                         0x08001171   Thumb Code    48  cdrcmple.o(.text)
    __scatterload                            0x080011a1   Thumb Code    28  init.o(.text)
    __scatterload_rt2                        0x080011a1   Thumb Code     0  init.o(.text)
    __aeabi_llsl                             0x080011c5   Thumb Code    30  llshl.o(.text)
    _ll_shift_l                              0x080011c5   Thumb Code     0  llshl.o(.text)
    __aeabi_lasr                             0x080011e3   Thumb Code    36  llsshr.o(.text)
    _ll_sshift_r                             0x080011e3   Thumb Code     0  llsshr.o(.text)
    isspace                                  0x08001207   Thumb Code    10  isspace_c.o(.text)
    __vfscanf                                0x08001211   Thumb Code   808  _scanf.o(.text)
    __rt_lib_shutdown_cpp_2                  0x0800153d   Thumb Code     2  cpp_final.o(.text)
    _double_round                            0x0800153f   Thumb Code    30  depilogue.o(.text)
    _double_epilogue                         0x0800155d   Thumb Code   156  depilogue.o(.text)
    __ctype_lookup                           0x080015f9   Thumb Code    34  ctype_c.o(.text)
    main                                     0x08001621   Thumb Code    18  retarget.o(i.$Sub$$main)
    ADC_ConversionStop_Disable               0x08001635   Thumb Code    82  stm32f1xx_hal_adc.o(i.ADC_ConversionStop_Disable)
    ADC_Enable                               0x08001689   Thumb Code   170  stm32f1xx_hal_adc.o(i.ADC_Enable)
    HAL_ADC_ConfigChannel                    0x0800173d   Thumb Code   386  stm32f1xx_hal_adc.o(i.HAL_ADC_ConfigChannel)
    HAL_ADC_GetValue                         0x080018c9   Thumb Code     6  stm32f1xx_hal_adc.o(i.HAL_ADC_GetValue)
    HAL_ADC_Init                             0x080018d1   Thumb Code   280  stm32f1xx_hal_adc.o(i.HAL_ADC_Init)
    HAL_ADC_MspInit                          0x080019f1   Thumb Code     2  stm32f1xx_hal_adc.o(i.HAL_ADC_MspInit)
    HAL_ADC_PollForConversion                0x080019f5   Thumb Code   286  stm32f1xx_hal_adc.o(i.HAL_ADC_PollForConversion)
    HAL_ADC_Start                            0x08001b25   Thumb Code   128  stm32f1xx_hal_adc.o(i.HAL_ADC_Start)
    HAL_Delay                                0x08001ba9   Thumb Code    22  stm32f1xx_hal.o(i.HAL_Delay)
    HAL_GPIO_Init                            0x08001bc1   Thumb Code   454  stm32f1xx_hal_gpio.o(i.HAL_GPIO_Init)
    HAL_GetTick                              0x08001d9d   Thumb Code     6  stm32f1xx_hal.o(i.HAL_GetTick)
    HAL_IncTick                              0x08001da9   Thumb Code    10  stm32f1xx_hal.o(i.HAL_IncTick)
    HAL_Init                                 0x08001db9   Thumb Code    32  stm32f1xx_hal.o(i.HAL_Init)
    HAL_InitTick                             0x08001ddd   Thumb Code   158  hal_tick.o(i.HAL_InitTick)
    HAL_MspInit                              0x08001e99   Thumb Code     2  stm32f1xx_hal.o(i.HAL_MspInit)
    HAL_NVIC_SetPriorityGrouping             0x08001e9d   Thumb Code    30  stm32f1xx_hal_cortex.o(i.HAL_NVIC_SetPriorityGrouping)
    HAL_RCCEx_GetPeriphCLKFreq               0x08001ec1   Thumb Code   266  stm32f1xx_hal_rcc_ex.o(i.HAL_RCCEx_GetPeriphCLKFreq)
    HAL_RCCEx_PeriphCLKConfig                0x08001ff1   Thumb Code   294  stm32f1xx_hal_rcc_ex.o(i.HAL_RCCEx_PeriphCLKConfig)
    HAL_RCC_ClockConfig                      0x08002125   Thumb Code   730  stm32f1xx_hal_rcc_ex.o(i.HAL_RCC_ClockConfig)
    HAL_RCC_GetPCLK1Freq                     0x08002409   Thumb Code    64  stm32f1xx_hal_rcc.o(i.HAL_RCC_GetPCLK1Freq)
    HAL_RCC_GetPCLK2Freq                     0x08002455   Thumb Code    64  stm32f1xx_hal_rcc.o(i.HAL_RCC_GetPCLK2Freq)
    HAL_RCC_GetSysClockFreq                  0x080024a1   Thumb Code   124  stm32f1xx_hal_rcc.o(i.HAL_RCC_GetSysClockFreq)
    HAL_RCC_OscConfig                        0x0800253d   Thumb Code  2306  stm32f1xx_hal_rcc.o(i.HAL_RCC_OscConfig)
    HAL_TIM_Base_Init                        0x08002e4d   Thumb Code    54  stm32f1xx_hal_tim.o(i.HAL_TIM_Base_Init)
    HAL_TIM_Base_MspInit                     0x08002e83   Thumb Code     2  stm32f1xx_hal_tim.o(i.HAL_TIM_Base_MspInit)
    HAL_TIM_Base_Start                       0x08002e85   Thumb Code    26  stm32f1xx_hal_tim.o(i.HAL_TIM_Base_Start)
    HAL_TIM_OC_Start                         0x08002e9f   Thumb Code    54  stm32f1xx_hal_tim.o(i.HAL_TIM_OC_Start)
    HAL_UART_Init                            0x08002ed5   Thumb Code    94  stm32f1xx_hal_uart.o(i.HAL_UART_Init)
    HAL_UART_MspInit                         0x08002f33   Thumb Code     2  stm32f1xx_hal_uart.o(i.HAL_UART_MspInit)
    NVIC_SetVector                           0x08002f35   Thumb Code   102  cmsis_nvic.o(i.NVIC_SetVector)
    SetSysClock                              0x08002fa1   Thumb Code   188  system_stm32f1xx.o(i.SetSysClock)
    Set_GPIO_Clock                           0x0800305d   Thumb Code   104  pinmap.o(i.Set_GPIO_Clock)
    SystemCoreClockUpdate                    0x080030dd   Thumb Code    90  system_stm32f1xx.o(i.SystemCoreClockUpdate)
    SystemInit                               0x0800314d   Thumb Code    92  system_stm32f1xx.o(i.SystemInit)
    TIM_Base_SetConfig                       0x080031bd   Thumb Code    94  stm32f1xx_hal_tim.o(i.TIM_Base_SetConfig)
    mbed::InterruptIn::_irq_handler(unsigned, gpio_irq_event) 0x08003349   Thumb Code    66  InterruptIn.o(i._ZN4mbed11InterruptIn12_irq_handlerEj14gpio_irq_event)
    mbed::InterruptIn::InterruptIn(PinName)  0x0800338d   Thumb Code    62  InterruptIn.o(i._ZN4mbed11InterruptInC1E7PinName)
    mbed::InterruptIn::InterruptIn__sub_object(PinName) 0x0800338d   Thumb Code     0  InterruptIn.o(i._ZN4mbed11InterruptInC1E7PinName)
    mbed::InterruptIn::~InterruptIn()        0x080033d5   Thumb Code    20  InterruptIn.o(i._ZN4mbed11InterruptInD1Ev)
    mbed::InterruptIn::~InterruptIn__sub_object() 0x080033d5   Thumb Code     0  InterruptIn.o(i._ZN4mbed11InterruptInD1Ev)
    mbed::DigitalInOut::operator =(int)      0x080033ed   Thumb Code    64  dht.o(i._ZN4mbed12DigitalInOutaSEi)
    mbed::DigitalInOut::operator int()       0x08003449   Thumb Code    52  dht.o(i._ZN4mbed12DigitalInOutcviEv)
    mbed::AnalogIn::AnalogIn(PinName)        0x08003499   Thumb Code    18  main.o(i._ZN4mbed8AnalogInC1E7PinName)
    mbed::AnalogIn::AnalogIn__sub_object(PinName) 0x08003499   Thumb Code     0  main.o(i._ZN4mbed8AnalogInC1E7PinName)
    mbed::AnalogIn::operator float()         0x080034ab   Thumb Code    14  main.o(i._ZN4mbed8AnalogIncvfEv)
    mbed::FileBase::getPathType()            0x080034b9   Thumb Code     4  FileBase.o(i._ZN4mbed8FileBase11getPathTypeEv)
    mbed::FileBase::lookup(const char*, unsigned) 0x080034bd   Thumb Code    50  FileBase.o(i._ZN4mbed8FileBase6lookupEPKcj)
    mbed::FilePath::fileSystem()             0x080034f5   Thumb Code    24  FilePath.o(i._ZN4mbed8FilePath10fileSystemEv)
    mbed::FilePath::file()                   0x0800350d   Thumb Code    28  FilePath.o(i._ZN4mbed8FilePath4fileEv)
    mbed::FilePath::exists()                 0x08003529   Thumb Code    10  FilePath.o(i._ZN4mbed8FilePath6existsEv)
    mbed::FilePath::isFile()                 0x08003533   Thumb Code    24  FilePath.o(i._ZN4mbed8FilePath6isFileEv)
    mbed::FilePath::fileName()               0x0800354b   Thumb Code     4  FilePath.o(i._ZN4mbed8FilePath8fileNameEv)
    mbed::FilePath::FilePath(const char*)    0x0800354f   Thumb Code    64  FilePath.o(i._ZN4mbed8FilePathC1EPKc)
    mbed::FilePath::FilePath__sub_object(const char*) 0x0800354f   Thumb Code     0  FilePath.o(i._ZN4mbed8FilePathC1EPKc)
    Counter::increment()                     0x0800358f   Thumb Code    18  main.o(i._ZN7Counter9incrementEv)
    Counter::~Counter()                      0x080035a1   Thumb Code    14  main.o(i._ZN7CounterD1Ev)
    Counter::~Counter__sub_object()          0x080035a1   Thumb Code     0  main.o(i._ZN7CounterD1Ev)
    __0fprintf                               0x080035b1   Thumb Code    22  printfa.o(i.__0fprintf)
    __1fprintf                               0x080035b1   Thumb Code     0  printfa.o(i.__0fprintf)
    __2fprintf                               0x080035b1   Thumb Code     0  printfa.o(i.__0fprintf)
    __c89fprintf                             0x080035b1   Thumb Code     0  printfa.o(i.__0fprintf)
    fprintf                                  0x080035b1   Thumb Code     0  printfa.o(i.__0fprintf)
    __0printf                                0x080035cd   Thumb Code    22  printfa.o(i.__0printf)
    __1printf                                0x080035cd   Thumb Code     0  printfa.o(i.__0printf)
    __2printf                                0x080035cd   Thumb Code     0  printfa.o(i.__0printf)
    __c89printf                              0x080035cd   Thumb Code     0  printfa.o(i.__0printf)
    printf                                   0x080035cd   Thumb Code     0  printfa.o(i.__0printf)
    __0sprintf                               0x080035ed   Thumb Code    34  printfa.o(i.__0sprintf)
    __1sprintf                               0x080035ed   Thumb Code     0  printfa.o(i.__0sprintf)
    __2sprintf                               0x080035ed   Thumb Code     0  printfa.o(i.__0sprintf)
    __c89sprintf                             0x080035ed   Thumb Code     0  printfa.o(i.__0sprintf)
    sprintf                                  0x080035ed   Thumb Code     0  printfa.o(i.__0sprintf)
    __0vfprintf                              0x08003615   Thumb Code    20  printfa.o(i.__0vfprintf)
    __1vfprintf                              0x08003615   Thumb Code     0  printfa.o(i.__0vfprintf)
    __2vfprintf                              0x08003615   Thumb Code     0  printfa.o(i.__0vfprintf)
    __c89vfprintf                            0x08003615   Thumb Code     0  printfa.o(i.__0vfprintf)
    vfprintf                                 0x08003615   Thumb Code     0  printfa.o(i.__0vfprintf)
    __scatterload_copy                       0x0800362d   Thumb Code    14  handlers.o(i.__scatterload_copy)
    __scatterload_null                       0x0800363b   Thumb Code     2  handlers.o(i.__scatterload_null)
    __scatterload_zeroinit                   0x0800363d   Thumb Code    14  handlers.o(i.__scatterload_zeroinit)
    fflush                                   0x0800364b   Thumb Code    24  fflush_f.o(i._fflush$full)
    _sys_open                                0x08003f01   Thumb Code   212  retarget.o(i._sys_open)
    _sys_seek                                0x08003fe5   Thumb Code    36  retarget.o(i._sys_seek)
    _sys_write                               0x0800400d   Thumb Code    82  retarget.o(i._sys_write)
    analogin_init                            0x0800406d   Thumb Code   120  analogin_api.o(i.analogin_init)
    analogin_read                            0x08004111   Thumb Code   194  analogin_api.o(i.analogin_read)
    error                                    0x080041dd   Thumb Code    20  error.o(i.error)
    exit                                     0x080041f5   Thumb Code    24  retarget.o(i.exit)
    free                                     0x08004215   Thumb Code    76  malloc.o(i.free)
    gpio_dir                                 0x08004265   Thumb Code    52  gpio_api.o(i.gpio_dir)
    gpio_init                                0x080042b5   Thumb Code    60  gpio_api.o(i.gpio_init)
    gpio_init_in                             0x080042f1   Thumb Code    38  gpio.o(i.gpio_init_in)
    gpio_irq_free                            0x08004351   Thumb Code    68  gpio_irq_api.o(i.gpio_irq_free)
    gpio_irq_init                            0x0800439d   Thumb Code   252  gpio_irq_api.o(i.gpio_irq_init)
    gpio_irq_set                             0x080044e9   Thumb Code   114  gpio_irq_api.o(i.gpio_irq_set)
    gpio_mode                                0x0800455b   Thumb Code     8  gpio_api.o(i.gpio_mode)
    malloc                                   0x080045e5   Thumb Code    92  malloc.o(i.malloc)
    mbed_assert_internal                     0x08004651   Thumb Code    24  assert.o(i.mbed_assert_internal)
    mbed_die                                 0x080046a1   Thumb Code    16  board.o(i.mbed_die)
    mbed_main                                0x080046b1   Thumb Code     2  retarget.o(i.mbed_main)
    mbed_sdk_init                            0x080046b3   Thumb Code    14  mbed_overrides.o(i.mbed_sdk_init)
    pin_function                             0x080046c1   Thumb Code   256  pinmap.o(i.pin_function)
    pin_mode                                 0x080047e5   Thumb Code   236  pinmap.o(i.pin_mode)
    pinmap_merge                             0x080048e9   Thumb Code    34  pinmap_common.o(i.pinmap_merge)
    pinmap_peripheral                        0x08004921   Thumb Code    58  pinmap_common.o(i.pinmap_peripheral)
    pinmap_pinout                            0x0800497d   Thumb Code    66  pinmap_common.o(i.pinmap_pinout)
    serial_init                              0x080049d5   Thumb Code   314  serial_api.o(i.serial_init)
    serial_putc                              0x08004b4d   Thumb Code    38  serial_api.o(i.serial_putc)
    set_compare                              0x08004b79   Thumb Code    18  us_ticker.o(i.set_compare)
    ticker_irq_handler                       0x08004b95   Thumb Code    78  ticker_api.o(i.ticker_irq_handler)
    timer_irq_handler                        0x08004be5   Thumb Code   158  hal_tick.o(i.timer_irq_handler)
    us_ticker_clear_interrupt                0x08004ca1   Thumb Code    22  us_ticker.o(i.us_ticker_clear_interrupt)
    us_ticker_disable_interrupt              0x08004cc1   Thumb Code    16  us_ticker.o(i.us_ticker_disable_interrupt)
    us_ticker_init                           0x08004cd9   Thumb Code    20  us_ticker.o(i.us_ticker_init)
    us_ticker_irq_handler                    0x08004cf1   Thumb Code     6  us_ticker_api.o(i.us_ticker_irq_handler)
    us_ticker_read                           0x08004cfd   Thumb Code    46  us_ticker.o(i.us_ticker_read)
    us_ticker_set_interrupt                  0x08004d35   Thumb Code   134  us_ticker.o(i.us_ticker_set_interrupt)
    wait                                     0x08004dcd   Thumb Code    32  wait_api.o(i.wait)
    wait_ms                                  0x08004df1   Thumb Code    28  wait_api.o(i.wait_ms)
    wait_us                                  0x08004e0d   Thumb Code    24  wait_api.o(i.wait_us)
    void mbed::FunctionPointerArg1<void, void>::membercaller<Counter>(void*, unsigned*) 0x08004e25   Thumb Code    52  main.o(t._ZN4mbed19FunctionPointerArg1IvvE12membercallerI7CounterEEvPvPj)
    aAPBAHBPrescTable                        0x08004e60   Data          16  stm32f1xx_hal_rcc.o(.constdata)
    AHBPrescTable                            0x08004e70   Data          16  system_stm32f1xx.o(.constdata)
    PinMap_ADC                               0x08004fec   Data         204  PeripheralPins.o(.constdata)
    PinMap_UART_TX                           0x080050b8   Data          72  PeripheralPins.o(.constdata)
    PinMap_UART_RX                           0x08005100   Data          72  PeripheralPins.o(.constdata)
    __ctype_categories                       0x08005204   Data          64  ctype_c.o(.constdata)
    vtable for mbed::InterruptIn             0x08005244   Data          16  InterruptIn.o(.constdata__ZTVN4mbed11InterruptInE)
    Region$$Table$$Base                      0x08005298   Number         0  anon$$obj.o(Region$$Table)
    Region$$Table$$Limit                     0x080052b8   Number         0  anon$$obj.o(Region$$Table)
    SHT$$INIT_ARRAY$$Base                    0x080052b8   Number         0  main.o(.init_array)
    SHT$$INIT_ARRAY$$Limit                   0x080052bc   Number         0  cpp_init.o(.init_array)
    pot                                      0x200000ec   Data           8  main.o(.data)
    pot2                                     0x200000f4   Data           8  main.o(.data)
    SystemCoreClock                          0x200000fc   Data           4  system_stm32f1xx.o(.data)
    PreviousVal                              0x20000100   Data           4  hal_tick.o(.data)
    adc_inited                               0x2000010c   Data           4  analogin_api.o(.data)
    stdio_uart_inited                        0x20000154   Data           4  serial_api.o(.data)
    oc_rem_part                              0x2000015c   Data           2  us_ticker.o(.data)
    SlaveCounter                             0x20000164   Data           4  us_ticker.o(.data)
    oc_int_part                              0x20000168   Data           4  us_ticker.o(.data)
    mbed::FileBase::_head                    0x20000174   Data           4  FileBase.o(.data)
    __microlib_freelist                      0x2000017c   Data           4  mvars.o(.data)
    __microlib_freelist_initialised          0x20000180   Data           4  mvars.o(.data)
    dht                                      0x20000184   Data          40  main.o(.bss)
    counter                                  0x200001ac   Data          92  main.o(.bss)
    TimMasterHandle                          0x20000208   Data          60  hal_tick.o(.bss)
    AdcHandle                                0x20000284   Data          48  analogin_api.o(.bss)
    UartHandle                               0x200004d4   Data          64  serial_api.o(.bss)
    stdio_uart                               0x20000514   Data          28  serial_api.o(.bss)
    __stdout                                 0x2000056c   Data          20  stdout_f.o(.bss)
    __stderr                                 0x20000580   Data          20  stderr_f.o(.bss)
    __heap_base                              0x20000598   Data           0  startup_stm32f103xb.o(HEAP)
    Image$$RW_IRAM1$$ZI$$Limit               0x20000998   Number         0  anon$$obj.o ABSOLUTE
    __heap_limit                             0x20004c00   Number         0  startup_stm32f103xb.o ABSOLUTE
    __initial_sp                             0x20005000   Number         0  startup_stm32f103xb.o ABSOLUTE



==============================================================================

Memory Map of the image

  Image Entry point : 0x080000ed

  Load Region LR_IROM1 (Base: 0x08000000, Size: 0x00005354, Max: 0x00020000, ABSOLUTE)

    Execution Region ER_IROM1 (Base: 0x08000000, Size: 0x000052bc, Max: 0x00020000, ABSOLUTE)

    Base Addr    Size         Type   Attr      Idx    E Section Name        Object

    0x08000000   0x000000ec   Data   RO         1370    RESET               startup_stm32f103xb.o
    0x080000ec   0x00000000   Code   RO         2657  * .ARM.Collect$$$$00000000  mc_w.l(entry.o)
    0x080000ec   0x00000004   Code   RO         3041    .ARM.Collect$$$$00000001  mc_w.l(entry2.o)
    0x080000f0   0x00000004   Code   RO         3044    .ARM.Collect$$$$00000004  mc_w.l(entry5.o)
    0x080000f4   0x00000004   Code   RO         2659    .ARM.Collect$$$$00000006  mc_w.l(entry6b.o)
    0x080000f8   0x00000000   Code   RO         3046    .ARM.Collect$$$$00000008  mc_w.l(entry7b.o)
    0x080000f8   0x00000004   Code   RO         3047    .ARM.Collect$$$$00000009  mc_w.l(entry8a.o)
    0x080000fc   0x00000000   Code   RO         3048    .ARM.Collect$$$$0000000A  mc_w.l(entry8b.o)
    0x080000fc   0x00000008   Code   RO         3049    .ARM.Collect$$$$0000000B  mc_w.l(entry9a.o)
    0x08000104   0x00000000   Code   RO         3051    .ARM.Collect$$$$0000000D  mc_w.l(entry10a.o)
    0x08000104   0x00000004   Code   RO         3052    .ARM.Collect$$$$0000000E  mc_w.l(entry10b.o)
    0x08000108   0x00000000   Code   RO         3053    .ARM.Collect$$$$0000000F  mc_w.l(entry11a.o)
    0x08000108   0x00000004   Code   RO         3042    .ARM.Collect$$$$00002712  mc_w.l(entry2.o)
    0x0800010c   0x000003d0   Code   RO            3    .text               main.o
    0x080004dc   0x00000250   Code   RO          455    .text               dht.o
    0x0800072c   0x00000024   Code   RO         1371    .text               startup_stm32f103xb.o
    0x08000750   0x00000020   Code   RO         2693    .text               mc_w.l(initio_oe.o)
    0x08000770   0x00000020   Code   RO         2703    .text               mc_w.l(llushr.o)
    0x08000790   0x00000040   Code   RO         2705    .text               mc_w.l(memmovea.o)
    0x080007d0   0x00000024   Code   RO         2707    .text               mc_w.l(memseta.o)
    0x080007f4   0x0000000e   Code   RO         2711    .text               mc_w.l(strlen.o)
    0x08000802   0x0000001c   Code   RO         2713    .text               mc_w.l(strcmp.o)
    0x0800081e   0x0000001e   Code   RO         2715    .text               mc_w.l(strncmp.o)
    0x0800083c   0x00000038   Code   RO         2980    .text               mc_w.l(__0sscanf.o)
    0x08000874   0x0000014c   Code   RO         2982    .text               mc_w.l(_scanf_int.o)
    0x080009c0   0x00000020   Code   RO         2987    .text               mc_w.l(cpp_init.o)
    0x080009e0   0x0000002e   Code   RO         2989    .text               mc_w.l(aeabi_atexit.o)
    0x08000a0e   0x000000b0   Code   RO         2991    .text               mf_w.l(fadd.o)
    0x08000abe   0x00000064   Code   RO         2993    .text               mf_w.l(fmul.o)
    0x08000b22   0x0000007c   Code   RO         2995    .text               mf_w.l(fdiv.o)
    0x08000b9e   0x00000012   Code   RO         2997    .text               mf_w.l(fflti.o)
    0x08000bb0   0x0000000a   Code   RO         2999    .text               mf_w.l(ffltui.o)
    0x08000bba   0x00000032   Code   RO         3001    .text               mf_w.l(ffixi.o)
    0x08000bec   0x00000026   Code   RO         3003    .text               mf_w.l(f2d.o)
    0x08000c12   0x00000002   PAD
    0x08000c14   0x00000014   Code   RO         3005    .text               mf_w.l(cfcmple.o)
    0x08000c28   0x00000014   Code   RO         3007    .text               mf_w.l(cfrcmple.o)
    0x08000c3c   0x00000028   Code   RO         3060    .text               mc_w.l(fputc_fp.o)
    0x08000c64   0x0000002c   Code   RO         3062    .text               mc_w.l(uidiv.o)
    0x08000c90   0x00000062   Code   RO         3064    .text               mc_w.l(uldiv.o)
    0x08000cf2   0x0000001c   Code   RO         3094    .text               mc_w.l(_chval.o)
    0x08000d0e   0x00000002   PAD
    0x08000d10   0x00000028   Code   RO         3096    .text               mc_w.l(scanf_char.o)
    0x08000d38   0x00000040   Code   RO         3098    .text               mc_w.l(_sgetc.o)
    0x08000d78   0x00000000   Code   RO         3100    .text               mc_w.l(iusefp.o)
    0x08000d78   0x00000008   Code   RO         3102    .text               mc_w.l(cpp_dtor.o)
    0x08000d80   0x00000042   Code   RO         3110    .text               mc_w.l(cxa_finalize.o)
    0x08000dc2   0x0000006e   Code   RO         3112    .text               mf_w.l(fepilogue.o)
    0x08000e30   0x0000014e   Code   RO         3114    .text               mf_w.l(dadd.o)
    0x08000f7e   0x000000e4   Code   RO         3116    .text               mf_w.l(dmul.o)
    0x08001062   0x000000de   Code   RO         3118    .text               mf_w.l(ddiv.o)
    0x08001140   0x00000030   Code   RO         3120    .text               mf_w.l(dfixul.o)
    0x08001170   0x00000030   Code   RO         3122    .text               mf_w.l(cdrcmple.o)
    0x080011a0   0x00000024   Code   RO         3153    .text               mc_w.l(init.o)
    0x080011c4   0x0000001e   Code   RO         3155    .text               mc_w.l(llshl.o)
    0x080011e2   0x00000024   Code   RO         3157    .text               mc_w.l(llsshr.o)
    0x08001206   0x0000000a   Code   RO         3159    .text               mc_w.l(isspace_c.o)
    0x08001210   0x0000032c   Code   RO         3167    .text               mc_w.l(_scanf.o)
    0x0800153c   0x00000002   Code   RO         3170    .text               mc_w.l(cpp_final.o)
    0x0800153e   0x000000ba   Code   RO         3172    .text               mf_w.l(depilogue.o)
    0x080015f8   0x00000028   Code   RO         3187    .text               mc_w.l(ctype_c.o)
    0x08001620   0x00000012   Code   RO         1392    i.$Sub$$main        retarget.o
    0x08001632   0x00000002   PAD
    0x08001634   0x00000052   Code   RO          639    i.ADC_ConversionStop_Disable  stm32f1xx_hal_adc.o
    0x08001686   0x00000002   PAD
    0x08001688   0x000000b4   Code   RO          643    i.ADC_Enable        stm32f1xx_hal_adc.o
    0x0800173c   0x0000018c   Code   RO          645    i.HAL_ADC_ConfigChannel  stm32f1xx_hal_adc.o
    0x080018c8   0x00000006   Code   RO          652    i.HAL_ADC_GetValue  stm32f1xx_hal_adc.o
    0x080018ce   0x00000002   PAD
    0x080018d0   0x00000120   Code   RO          654    i.HAL_ADC_Init      stm32f1xx_hal_adc.o
    0x080019f0   0x00000002   Code   RO          657    i.HAL_ADC_MspInit   stm32f1xx_hal_adc.o
    0x080019f2   0x00000002   PAD
    0x080019f4   0x00000130   Code   RO          658    i.HAL_ADC_PollForConversion  stm32f1xx_hal_adc.o
    0x08001b24   0x00000084   Code   RO          660    i.HAL_ADC_Start     stm32f1xx_hal_adc.o
    0x08001ba8   0x00000016   Code   RO         1598    i.HAL_Delay         stm32f1xx_hal.o
    0x08001bbe   0x00000002   PAD
    0x08001bc0   0x000001dc   Code   RO          737    i.HAL_GPIO_Init     stm32f1xx_hal_gpio.o
    0x08001d9c   0x0000000c   Code   RO         1602    i.HAL_GetTick       stm32f1xx_hal.o
    0x08001da8   0x00000010   Code   RO         1603    i.HAL_IncTick       stm32f1xx_hal.o
    0x08001db8   0x00000024   Code   RO         1604    i.HAL_Init          stm32f1xx_hal.o
    0x08001ddc   0x000000bc   Code   RO         1360    i.HAL_InitTick      hal_tick.o
    0x08001e98   0x00000002   Code   RO         1607    i.HAL_MspInit       stm32f1xx_hal.o
    0x08001e9a   0x00000002   PAD
    0x08001e9c   0x00000024   Code   RO          709    i.HAL_NVIC_SetPriorityGrouping  stm32f1xx_hal_cortex.o
    0x08001ec0   0x00000130   Code   RO          886    i.HAL_RCCEx_GetPeriphCLKFreq  stm32f1xx_hal_rcc_ex.o
    0x08001ff0   0x00000134   Code   RO          887    i.HAL_RCCEx_PeriphCLKConfig  stm32f1xx_hal_rcc_ex.o
    0x08002124   0x000002e4   Code   RO          888    i.HAL_RCC_ClockConfig  stm32f1xx_hal_rcc_ex.o
    0x08002408   0x0000004c   Code   RO          762    i.HAL_RCC_GetPCLK1Freq  stm32f1xx_hal_rcc.o
    0x08002454   0x0000004c   Code   RO          763    i.HAL_RCC_GetPCLK2Freq  stm32f1xx_hal_rcc.o
    0x080024a0   0x0000009c   Code   RO          764    i.HAL_RCC_GetSysClockFreq  stm32f1xx_hal_rcc.o
    0x0800253c   0x00000910   Code   RO          767    i.HAL_RCC_OscConfig  stm32f1xx_hal_rcc.o
    0x08002e4c   0x00000036   Code   RO         1774    i.HAL_TIM_Base_Init  stm32f1xx_hal_tim.o
    0x08002e82   0x00000002   Code   RO         1776    i.HAL_TIM_Base_MspInit  stm32f1xx_hal_tim.o
    0x08002e84   0x0000001a   Code   RO         1777    i.HAL_TIM_Base_Start  stm32f1xx_hal_tim.o
    0x08002e9e   0x00000036   Code   RO         1824    i.HAL_TIM_OC_Start  stm32f1xx_hal_tim.o
    0x08002ed4   0x0000005e   Code   RO         1154    i.HAL_UART_Init     stm32f1xx_hal_uart.o
    0x08002f32   0x00000002   Code   RO         1156    i.HAL_UART_MspInit  stm32f1xx_hal_uart.o
    0x08002f34   0x0000006c   Code   RO         1353    i.NVIC_SetVector    cmsis_nvic.o
    0x08002fa0   0x000000bc   Code   RO          869    i.SetSysClock       system_stm32f1xx.o
    0x0800305c   0x00000080   Code   RO         2464    i.Set_GPIO_Clock    mbed.ar(pinmap.o)
    0x080030dc   0x00000070   Code   RO          872    i.SystemCoreClockUpdate  system_stm32f1xx.o
    0x0800314c   0x00000070   Code   RO          873    i.SystemInit        system_stm32f1xx.o
    0x080031bc   0x0000006c   Code   RO         1858    i.TIM_Base_SetConfig  stm32f1xx_hal_tim.o
    0x08003228   0x00000120   Code   RO         1172    i.UART_SetConfig    stm32f1xx_hal_uart.o
    0x08003348   0x00000042   Code   RO         2368    i._ZN4mbed11InterruptIn12_irq_handlerEj14gpio_irq_event  mbed.ar(InterruptIn.o)
    0x0800338a   0x00000002   PAD
    0x0800338c   0x00000048   Code   RO         2373    i._ZN4mbed11InterruptInC1E7PinName  mbed.ar(InterruptIn.o)
    0x080033d4   0x00000018   Code   RO         2375    i._ZN4mbed11InterruptInD1Ev  mbed.ar(InterruptIn.o)
    0x080033ec   0x0000005c   Code   RO          477    i._ZN4mbed12DigitalInOutaSEi  dht.o
    0x08003448   0x00000050   Code   RO          471    i._ZN4mbed12DigitalInOutcviEv  dht.o
    0x08003498   0x00000012   Code   RO           47    i._ZN4mbed8AnalogInC1E7PinName  main.o
    0x080034aa   0x0000000e   Code   RO           26    i._ZN4mbed8AnalogIncvfEv  main.o
    0x080034b8   0x00000004   Code   RO         2475    i._ZN4mbed8FileBase11getPathTypeEv  mbed.ar(FileBase.o)
    0x080034bc   0x00000038   Code   RO         2477    i._ZN4mbed8FileBase6lookupEPKcj  mbed.ar(FileBase.o)
    0x080034f4   0x00000018   Code   RO         2281    i._ZN4mbed8FilePath10fileSystemEv  mbed.ar(FilePath.o)
    0x0800350c   0x0000001c   Code   RO         2283    i._ZN4mbed8FilePath4fileEv  mbed.ar(FilePath.o)
    0x08003528   0x0000000a   Code   RO         2284    i._ZN4mbed8FilePath6existsEv  mbed.ar(FilePath.o)
    0x08003532   0x00000018   Code   RO         2285    i._ZN4mbed8FilePath6isFileEv  mbed.ar(FilePath.o)
    0x0800354a   0x00000004   Code   RO         2286    i._ZN4mbed8FilePath8fileNameEv  mbed.ar(FilePath.o)
    0x0800354e   0x00000040   Code   RO         2287    i._ZN4mbed8FilePathC1EPKc  mbed.ar(FilePath.o)
    0x0800358e   0x00000012   Code   RO           38    i._ZN7Counter9incrementEv  main.o
    0x080035a0   0x0000000e   Code   RO           44    i._ZN7CounterD1Ev   main.o
    0x080035ae   0x00000002   PAD
    0x080035b0   0x0000001c   Code   RO         2951    i.__0fprintf        mc_w.l(printfa.o)
    0x080035cc   0x00000020   Code   RO         2952    i.__0printf         mc_w.l(printfa.o)
    0x080035ec   0x00000028   Code   RO         2954    i.__0sprintf        mc_w.l(printfa.o)
    0x08003614   0x00000018   Code   RO         2955    i.__0vfprintf       mc_w.l(printfa.o)
    0x0800362c   0x0000000e   Code   RO         3196    i.__scatterload_copy  mc_w.l(handlers.o)
    0x0800363a   0x00000002   Code   RO         3197    i.__scatterload_null  mc_w.l(handlers.o)
    0x0800363c   0x0000000e   Code   RO         3198    i.__scatterload_zeroinit  mc_w.l(handlers.o)
    0x0800364a   0x00000018   Code   RO         2691    i._fflush$full      mc_w.l(fflush_f.o)
    0x08003662   0x00000002   PAD
    0x08003664   0x00000164   Code   RO         2959    i._fp_digits        mc_w.l(printfa.o)
    0x080037c8   0x000006dc   Code   RO         2960    i._printf_core      mc_w.l(printfa.o)
    0x08003ea4   0x00000024   Code   RO         2961    i._printf_post_padding  mc_w.l(printfa.o)
    0x08003ec8   0x0000002e   Code   RO         2962    i._printf_pre_padding  mc_w.l(printfa.o)
    0x08003ef6   0x0000000a   Code   RO         2964    i._sputc            mc_w.l(printfa.o)
    0x08003f00   0x000000e4   Code   RO         1403    i._sys_open         retarget.o
    0x08003fe4   0x00000028   Code   RO         1405    i._sys_seek         retarget.o
    0x0800400c   0x00000060   Code   RO         1406    i._sys_write        retarget.o
    0x0800406c   0x000000a4   Code   RO         2177    i.analogin_init     mbed.ar(analogin_api.o)
    0x08004110   0x000000cc   Code   RO         2178    i.analogin_read     mbed.ar(analogin_api.o)
    0x080041dc   0x00000018   Code   RO         2505    i.error             mbed.ar(error.o)
    0x080041f4   0x00000020   Code   RO         1408    i.exit              retarget.o
    0x08004214   0x00000050   Code   RO         3066    i.free              mc_w.l(malloc.o)
    0x08004264   0x00000050   Code   RO         2164    i.gpio_dir          mbed.ar(gpio_api.o)
    0x080042b4   0x0000003c   Code   RO         2165    i.gpio_init         mbed.ar(gpio_api.o)
    0x080042f0   0x00000026   Code   RO         2414    i.gpio_init_in      mbed.ar(gpio.o)
    0x08004316   0x00000008   Code   RO         2190    i.gpio_irq0         mbed.ar(gpio_irq_api.o)
    0x0800431e   0x00000008   Code   RO         2191    i.gpio_irq1         mbed.ar(gpio_irq_api.o)
    0x08004326   0x00000008   Code   RO         2192    i.gpio_irq2         mbed.ar(gpio_irq_api.o)
    0x0800432e   0x00000008   Code   RO         2193    i.gpio_irq3         mbed.ar(gpio_irq_api.o)
    0x08004336   0x00000008   Code   RO         2194    i.gpio_irq4         mbed.ar(gpio_irq_api.o)
    0x0800433e   0x00000008   Code   RO         2195    i.gpio_irq5         mbed.ar(gpio_irq_api.o)
    0x08004346   0x00000008   Code   RO         2196    i.gpio_irq6         mbed.ar(gpio_irq_api.o)
    0x0800434e   0x00000002   PAD
    0x08004350   0x0000004c   Code   RO         2199    i.gpio_irq_free     mbed.ar(gpio_irq_api.o)
    0x0800439c   0x0000014c   Code   RO         2200    i.gpio_irq_init     mbed.ar(gpio_irq_api.o)
    0x080044e8   0x00000072   Code   RO         2201    i.gpio_irq_set      mbed.ar(gpio_irq_api.o)
    0x0800455a   0x00000008   Code   RO         2166    i.gpio_mode         mbed.ar(gpio_api.o)
    0x08004562   0x00000002   PAD
    0x08004564   0x00000080   Code   RO         2202    i.handle_interrupt_in  mbed.ar(gpio_irq_api.o)
    0x080045e4   0x0000006c   Code   RO         3067    i.malloc            mc_w.l(malloc.o)
    0x08004650   0x00000050   Code   RO         2408    i.mbed_assert_internal  mbed.ar(assert.o)
    0x080046a0   0x00000010   Code   RO         1214    i.mbed_die          board.o
    0x080046b0   0x00000002   Code   RO         1409    i.mbed_main         retarget.o
    0x080046b2   0x0000000e   Code   RO          809    i.mbed_sdk_init     mbed_overrides.o
    0x080046c0   0x00000124   Code   RO         2465    i.pin_function      mbed.ar(pinmap.o)
    0x080047e4   0x00000104   Code   RO         2466    i.pin_mode          mbed.ar(pinmap.o)
    0x080048e8   0x00000038   Code   RO         2514    i.pinmap_merge      mbed.ar(pinmap_common.o)
    0x08004920   0x0000005c   Code   RO         2515    i.pinmap_peripheral  mbed.ar(pinmap_common.o)
    0x0800497c   0x00000058   Code   RO         2516    i.pinmap_pinout     mbed.ar(pinmap_common.o)
    0x080049d4   0x00000178   Code   RO         2229    i.serial_init       mbed.ar(serial_api.o)
    0x08004b4c   0x0000002c   Code   RO         2233    i.serial_putc       mbed.ar(serial_api.o)
    0x08004b78   0x0000001c   Code   RO         2263    i.set_compare       mbed.ar(us_ticker.o)
    0x08004b94   0x0000004e   Code   RO         2529    i.ticker_irq_handler  mbed.ar(ticker_api.o)
    0x08004be2   0x00000002   PAD
    0x08004be4   0x000000bc   Code   RO         1361    i.timer_irq_handler  hal_tick.o
    0x08004ca0   0x00000020   Code   RO         2264    i.us_ticker_clear_interrupt  mbed.ar(us_ticker.o)
    0x08004cc0   0x00000018   Code   RO         2265    i.us_ticker_disable_interrupt  mbed.ar(us_ticker.o)
    0x08004cd8   0x00000018   Code   RO         2266    i.us_ticker_init    mbed.ar(us_ticker.o)
    0x08004cf0   0x0000000c   Code   RO         2440    i.us_ticker_irq_handler  mbed.ar(us_ticker_api.o)
    0x08004cfc   0x00000038   Code   RO         2267    i.us_ticker_read    mbed.ar(us_ticker.o)
    0x08004d34   0x00000098   Code   RO         2268    i.us_ticker_set_interrupt  mbed.ar(us_ticker.o)
    0x08004dcc   0x00000024   Code   RO         2429    i.wait              mbed.ar(wait_api.o)
    0x08004df0   0x0000001c   Code   RO         2430    i.wait_ms           mbed.ar(wait_api.o)
    0x08004e0c   0x00000018   Code   RO         2431    i.wait_us           mbed.ar(wait_api.o)
    0x08004e24   0x00000034   Code   RO           32    t._ZN4mbed19FunctionPointerArg1IvvE12membercallerI7CounterEEvPvPj  main.o
    0x08004e58   0x00000008   Data   RO            6    .constdata          main.o
    0x08004e60   0x00000010   Data   RO          768    .constdata          stm32f1xx_hal_rcc.o
    0x08004e70   0x00000010   Data   RO          874    .constdata          system_stm32f1xx.o
    0x08004e80   0x0000007c   Data   RO         2168    .constdata          mbed.ar(gpio_api.o)
    0x08004efc   0x0000006a   Data   RO         2181    .constdata          mbed.ar(analogin_api.o)
    0x08004f66   0x00000002   PAD
    0x08004f68   0x00000068   Data   RO         2240    .constdata          mbed.ar(serial_api.o)
    0x08004fd0   0x00000014   Data   RO         2441    .constdata          mbed.ar(us_ticker_api.o)
    0x08004fe4   0x00000008   Data   RO         2442    .constdata          mbed.ar(us_ticker_api.o)
    0x08004fec   0x000000cc   Data   RO         2450    .constdata          mbed.ar(PeripheralPins.o)
    0x080050b8   0x00000048   Data   RO         2454    .constdata          mbed.ar(PeripheralPins.o)
    0x08005100   0x00000048   Data   RO         2455    .constdata          mbed.ar(PeripheralPins.o)
    0x08005148   0x000000bc   Data   RO         2467    .constdata          mbed.ar(pinmap.o)
    0x08005204   0x00000040   Data   RO         3188    .constdata          mc_w.l(ctype_c.o)
    0x08005244   0x00000010   Data   RO         2403    .constdata__ZTVN4mbed11InterruptInE  mbed.ar(InterruptIn.o)
    0x08005254   0x00000042   Data   RO          457    .conststring        dht.o
    0x08005296   0x00000002   PAD
    0x08005298   0x00000020   Data   RO         3194    Region$$Table       anon$$obj.o
    0x080052b8   0x00000004   Data   RO            8    .init_array         main.o
    0x080052bc   0x00000000   Data   RO         2985    .init_array         mc_w.l(cpp_init.o)


    Execution Region RW_IRAM1 (Base: 0x200000ec, Size: 0x000008ac, Max: 0x00004f14, ABSOLUTE)

    Base Addr    Size         Type   Attr      Idx    E Section Name        Object

    0x200000ec   0x00000010   Data   RW            7    .data               main.o
    0x200000fc   0x00000004   Data   RW          875    .data               system_stm32f1xx.o
    0x20000100   0x00000004   Data   RW         1363    .data               hal_tick.o
    0x20000104   0x00000004   Data   RW         1454    .data               retarget.o
    0x20000108   0x00000004   Data   RW         1610    .data               stm32f1xx_hal.o
    0x2000010c   0x00000004   Data   RW         2182    .data               mbed.ar(analogin_api.o)
    0x20000110   0x00000044   Data   RW         2204    .data               mbed.ar(gpio_irq_api.o)
    0x20000154   0x00000008   Data   RW         2241    .data               mbed.ar(serial_api.o)
    0x2000015c   0x00000010   Data   RW         2270    .data               mbed.ar(us_ticker.o)
    0x2000016c   0x00000008   Data   RW         2443    .data               mbed.ar(us_ticker_api.o)
    0x20000174   0x00000004   Data   RW         2489    .data               mbed.ar(FileBase.o)
    0x20000178   0x00000004   Data   RW         3103    .data               mc_w.l(cpp_dtor.o)
    0x2000017c   0x00000004   Data   RW         3165    .data               mc_w.l(mvars.o)
    0x20000180   0x00000004   Data   RW         3166    .data               mc_w.l(mvars.o)
    0x20000184   0x00000084   Zero   RW            5    .bss                main.o
    0x20000208   0x0000003c   Zero   RW         1362    .bss                hal_tick.o
    0x20000244   0x00000040   Zero   RW         1450    .bss                retarget.o
    0x20000284   0x00000030   Zero   RW         2180    .bss                mbed.ar(analogin_api.o)
    0x200002b4   0x00000214   Zero   RW         2203    .bss                mbed.ar(gpio_irq_api.o)
    0x200004c8   0x00000068   Zero   RW         2239    .bss                mbed.ar(serial_api.o)
    0x20000530   0x0000003c   Zero   RW         2269    .bss                mbed.ar(us_ticker.o)
    0x2000056c   0x00000014   Zero   RW         2701    .bss                mc_w.l(stdout_f.o)
    0x20000580   0x00000014   Zero   RW         2702    .bss                mc_w.l(stderr_f.o)
    0x20000594   0x00000004   PAD
    0x20000598   0x00000400   Zero   RW         1369    HEAP                startup_stm32f103xb.o


==============================================================================

Image component sizes


      Code (inc. data)   RO Data    RW Data    ZI Data      Debug   Object Name

        16          0          0          0          0         72   board.o
       108          6          0          0          0         84   cmsis_nvic.o
       764         72         66          0          0       7768   dht.o
       376         60          0          4         60        164   hal_tick.o
      1092        354         12         16        132     189877   main.o
        14          0          0          0          0         80   mbed_overrides.o
       416         42          0          4         64        472   retarget.o
        36          8        236          0       1024        228   startup_stm32f103xb.o
        88         16          0          4          0        360   stm32f1xx_hal.o
      1390         50          0          0          0        660   stm32f1xx_hal_adc.o
        36          6          0          0          0         68   stm32f1xx_hal_cortex.o
       476         22          0          0          0         92   stm32f1xx_hal_gpio.o
      2628         84         16          0          0        336   stm32f1xx_hal_rcc.o
      1352         62          0          0          0        308   stm32f1xx_hal_rcc_ex.o
       244         14          0          0          0        360   stm32f1xx_hal_tim.o
       384          4          0          0          0        232   stm32f1xx_hal_uart.o
       412         42         16          4          0        252   system_stm32f1xx.o

    ----------------------------------------------------------------------
      9846        842        380         32       1280     201413   Object Totals
         0          0         32          0          0          0   (incl. Generated)
        14          0          2          0          0          0   (incl. Padding)

    ----------------------------------------------------------------------

      Code (inc. data)   RO Data    RW Data    ZI Data      Debug   Library Member Name

        60          6          0          4          0        148   FileBase.o
       154          0          0          0          0        440   FilePath.o
       162         14         16          0          0        224   InterruptIn.o
         0          0        348          0          0          0   PeripheralPins.o
       368         62        106          4         48        184   analogin_api.o
        80         56          0          0          0         80   assert.o
        24          4          0          0          0         80   error.o
        38          0          0          0          0         88   gpio.o
       148         28        124          0          0        244   gpio_api.o
       706        118          0         68        532        820   gpio_irq_api.o
       680         94        188          0          0        268   pinmap.o
       236         78          0          0          0        240   pinmap_common.o
       420         68        104          8        104        156   serial_api.o
        78          0          0          0          0         88   ticker_api.o
       316         60          0         16         60        440   us_ticker.o
        12          6         28          8          0         68   us_ticker_api.o
        88          4          0          0          0        240   wait_api.o
        56          8          0          0          0         84   __0sscanf.o
        28          0          0          0          0         68   _chval.o
       812          4          0          0          0        112   _scanf.o
       332          0          0          0          0         96   _scanf_int.o
        64          0          0          0          0         84   _sgetc.o
        46          0          0          0          0         84   aeabi_atexit.o
         8          4          0          4          0         68   cpp_dtor.o
         2          0          0          0          0         68   cpp_final.o
        32         10          0          0          0         80   cpp_init.o
        40          6         64          0          0         68   ctype_c.o
        66          0          0          0          0         84   cxa_finalize.o
         0          0          0          0          0          0   entry.o
         0          0          0          0          0          0   entry10a.o
         4          0          0          0          0          0   entry10b.o
         0          0          0          0          0          0   entry11a.o
         8          4          0          0          0          0   entry2.o
         4          0          0          0          0          0   entry5.o
         4          0          0          0          0          0   entry6b.o
         0          0          0          0          0          0   entry7b.o
         4          0          0          0          0          0   entry8a.o
         0          0          0          0          0          0   entry8b.o
         8          4          0          0          0          0   entry9a.o
        24          0          0          0          0         76   fflush_f.o
        40          0          0          0          0         80   fputc_fp.o
        30          0          0          0          0          0   handlers.o
        36          8          0          0          0         68   init.o
        32         12          0          0          0         72   initio_oe.o
        10          0          0          0          0         68   isspace_c.o
         0          0          0          0          0          0   iusefp.o
        30          0          0          0          0         68   llshl.o
        36          0          0          0          0         68   llsshr.o
        32          0          0          0          0         68   llushr.o
       188         20          0          0          0        160   malloc.o
        64          0          0          0          0         76   memmovea.o
        36          0          0          0          0        108   memseta.o
         0          0          0          8          0          0   mvars.o
      2328        106          0          0          0        760   printfa.o
        40          8          0          0          0         84   scanf_char.o
         0          0          0          0         20          0   stderr_f.o
         0          0          0          0         20          0   stdout_f.o
        28          0          0          0          0         76   strcmp.o
        14          0          0          0          0         68   strlen.o
        30          0          0          0          0         80   strncmp.o
        44          0          0          0          0         80   uidiv.o
        98          0          0          0          0         92   uldiv.o
        48          0          0          0          0         68   cdrcmple.o
        20          0          0          0          0         68   cfcmple.o
        20          0          0          0          0         68   cfrcmple.o
       334          0          0          0          0        148   dadd.o
       222          0          0          0          0        100   ddiv.o
       186          0          0          0          0        176   depilogue.o
        48          0          0          0          0         68   dfixul.o
       228          0          0          0          0         96   dmul.o
        38          0          0          0          0         68   f2d.o
       176          0          0          0          0        140   fadd.o
       124          0          0          0          0         88   fdiv.o
       110          0          0          0          0        168   fepilogue.o
        50          0          0          0          0         68   ffixi.o
        18          0          0          0          0         68   fflti.o
        10          0          0          0          0         68   ffltui.o
       100          0          0          0          0         76   fmul.o

    ----------------------------------------------------------------------
      9974        792        980        120        788       8392   Library Totals
        14          0          2          0          4          0   (incl. Padding)

    ----------------------------------------------------------------------

      Code (inc. data)   RO Data    RW Data    ZI Data      Debug   Library Name

      3570        598        914        108        744       3808   mbed.ar
      4658        194         64         12         40       3048   mc_w.l
      1732          0          0          0          0       1536   mf_w.l

    ----------------------------------------------------------------------
      9974        792        980        120        788       8392   Library Totals

    ----------------------------------------------------------------------

==============================================================================


      Code (inc. data)   RO Data    RW Data    ZI Data      Debug   

     19820       1634       1360        152       2068     202105   Grand Totals
     19820       1634       1360        152       2068     202105   ELF Image Totals
     19820       1634       1360        152          0          0   ROM Totals

==============================================================================

    Total RO  Size (Code + RO Data)                21180 (  20.68kB)
    Total RW  Size (RW Data + ZI Data)              2220 (   2.17kB)
    Total ROM Size (Code + RO Data + RW Data)      21332 (  20.83kB)

==============================================================================

